[17:33:30] 
🔷 [W-08]  계정 잠금 기간 설정
[17:33:30]   📷 증빙 화면 캡처 대기 중...
[17:33:31]   [W-08_part1] 단계: 창 열기
[17:33:32]   대상 창 확인: 로컬 보안 정책 / HWND=1051702 / PID=13556
[17:33:32]   [W-08_part1] 단계: 오른쪽 정렬 확인
[17:33:32]   [W-08_part1] 단계: 조치 및 설정 재조회
[17:33:32]   → 자동 변경 없음 (양호)
[17:33:33]   [W-08_part1] 단계: 증빙 대상 탐색
[17:33:42]   [W-08_part1] 단계: 캡처 저장
[17:33:42]   증빙 이미지 저장: C:\Users\new-s\Desktop\KISA-fix-evidence-verification\KISA-fix-evidence-verification\Security Project - 복사본\KISA-AutoPatcher-Python\dist\evidence\20260911-173205-850b85c7\W-08_part1.png
[17:33:43]   증빙 창 닫기 완료 → 다음 항목 진행
[17:33:43]   [W-08_part1] 단계: 창 닫힘 확인
[17:33:44]   [W-08_part2] 단계: 창 열기
[17:33:45]   대상 창 확인: 로컬 보안 정책 / HWND=1051696 / PID=17328
[17:33:45]   [W-08_part2] 단계: 오른쪽 정렬 확인
[17:33:45]   [W-08_part2] 단계: 증빙 대상 탐색
[17:33:54]   [W-08_part2] 단계: 캡처 저장
[17:33:54]   증빙 이미지 저장: C:\Users\new-s\Desktop\KISA-fix-evidence-verification\KISA-fix-evidence-verification\Security Project - 복사본\KISA-AutoPatcher-Python\dist\evidence\20260911-173205-850b85c7\W-08_part2.png
[17:33:55]   증빙 창 닫기 완료 → 다음 항목 진행
[17:33:55]   [W-08_part2] 단계: 창 닫힘 확인
[17:33:56]   복합 증빙 2/2개 저장 완료
