[17:42:48] 
🔷 [W-56]  SMB 세션 중단 관리 설정
[17:42:48]   📷 증빙 화면 캡처 대기 중...
[17:42:48]   [W-56_part1] 단계: 창 열기
[17:42:49]   대상 창 확인: 로컬 보안 정책 / HWND=855204 / PID=12944
[17:42:50]   [W-56_part1] 단계: 오른쪽 정렬 확인
[17:42:50]   [W-56_part1] 단계: 조치 및 설정 재조회
[17:42:50]   → 자동 변경 없음 (양호)
[17:42:50]   [W-56_part1] 단계: 증빙 대상 탐색
[17:42:59]   [W-56_part1] 단계: 캡처 저장
[17:42:59]   증빙 이미지 저장: C:\Users\new-s\Desktop\KISA-fix-evidence-verification\KISA-fix-evidence-verification\Security Project - 복사본\KISA-AutoPatcher-Python\dist\evidence\20260911-173205-850b85c7\W-56_part1.png
[17:43:01]   증빙 창 닫기 완료 → 다음 항목 진행
[17:43:01]   [W-56_part1] 단계: 창 닫힘 확인
[17:43:01]   [W-56_part2] 단계: 창 열기
[17:43:02]   대상 창 확인: 로컬 보안 정책 / HWND=3017784 / PID=14224
[17:43:03]   [W-56_part2] 단계: 오른쪽 정렬 확인
[17:43:03]   [W-56_part2] 단계: 증빙 대상 탐색
[17:45:19]   [W-56_part2] 대상 탐색/캡처 오류: 다른 창으로 포커스가 이동했습니다.
[17:45:21]   증빙 창 닫기 완료 → 다음 항목 진행
[17:45:21]   [W-56_part2] 단계: 창 닫힘 확인
[17:45:21]   ⚠️ 항목 처리 중단 또는 오류: 다른 창으로 포커스가 이동했습니다.
