[11:48:38] 
🔷 [W-08]  계정 잠금 기간 설정
[11:48:38]   📷 증빙 화면 캡처 대기 중...
[11:48:39]   [W-08_part1] 단계: 창 열기
[11:48:40]   대상 창 확인: 로컬 보안 정책 / HWND=4655066 / PID=2620
[11:48:40]   [W-08_part1] 단계: 오른쪽 정렬 확인
[11:48:40]   [W-08_part1] 단계: 조치 및 설정 재조회
[11:48:40]   🔧 보안 조치 적용 및 검증 중...
[11:48:41] [W-08] 설정 검증 완료 / 백업: C:\Users\new-s\Desktop\KISA-fix-evidence-verification\KISA-fix-evidence-verification\Security Project - 복사본\KISA-AutoPatcher-Python\dist\backups\W-08_dc262264be604055a5c6f21779f400d0.json
[11:48:41]   [W-08_part1] 단계: 증빙 대상 탐색
[11:48:50]   [W-08_part1] 단계: 캡처 저장
[11:48:50]   증빙 이미지 저장: C:\Users\new-s\Desktop\KISA-fix-evidence-verification\KISA-fix-evidence-verification\Security Project - 복사본\KISA-AutoPatcher-Python\dist\evidence\20260918-114713-0833d989\W-08_part1.png
[11:48:52]   증빙 창 닫기 완료 → 다음 항목 진행
[11:48:52]   [W-08_part1] 단계: 창 닫힘 확인
[11:48:52]   [W-08_part2] 단계: 창 열기
[11:48:53]   대상 창 확인: 로컬 보안 정책 / HWND=2820510 / PID=796
[11:48:54]   [W-08_part2] 단계: 오른쪽 정렬 확인
[11:48:54]   [W-08_part2] 단계: 증빙 대상 탐색
[11:49:02]   [W-08_part2] 단계: 캡처 저장
[11:49:02]   증빙 이미지 저장: C:\Users\new-s\Desktop\KISA-fix-evidence-verification\KISA-fix-evidence-verification\Security Project - 복사본\KISA-AutoPatcher-Python\dist\evidence\20260918-114713-0833d989\W-08_part2.png
[11:49:04]   증빙 창 닫기 완료 → 다음 항목 진행
[11:49:04]   [W-08_part2] 단계: 창 닫힘 확인
[11:49:04]   복합 증빙 2/2개 저장 완료
