[11:52:46] 
🔷 [W-18]  불필요한 서비스 제거
[11:52:46]   📷 증빙 화면 캡처 대기 중...
[11:52:49]   [W-18_part1] 단계: 창 열기
[11:52:50]   대상 창 확인: 서비스 / HWND=2950690 / PID=7100
[11:52:50]   [W-18_part1] 단계: 오른쪽 정렬 확인
[11:52:50]   [W-18_part1] 단계: 조치 및 설정 재조회
[11:52:50]   → 자동 변경 없음 (수동 조치(불필요하거나 보안위협이 있는 기본 백그라운드 서비스 동작 수동 검증))
[11:52:51]   [W-18_part1] 단계: 증빙 대상 탐색
[11:52:57]   [W-18_part1] 단계: 캡처 저장
[11:52:57]   증빙 이미지 저장: C:\Users\new-s\Desktop\KISA-fix-evidence-verification\KISA-fix-evidence-verification\Security Project - 복사본\KISA-AutoPatcher-Python\dist\evidence\20260918-114713-0833d989\W-18_part1.png
[11:52:59]   증빙 창 닫기 완료 → 다음 항목 진행
[11:52:59]   [W-18_part1] 단계: 창 닫힘 확인
[11:53:00]   [W-18_part2] 단계: 창 열기
[11:53:01]   대상 창 확인: 서비스 / HWND=3212108 / PID=10276
[11:53:01]   [W-18_part2] 단계: 오른쪽 정렬 확인
[11:53:01]   [W-18_part2] 단계: 증빙 대상 탐색
[11:53:06]   [W-18_part2] 단계: 캡처 저장
[11:53:06]   증빙 이미지 저장: C:\Users\new-s\Desktop\KISA-fix-evidence-verification\KISA-fix-evidence-verification\Security Project - 복사본\KISA-AutoPatcher-Python\dist\evidence\20260918-114713-0833d989\W-18_part2.png
[11:53:08]   증빙 창 닫기 완료 → 다음 항목 진행
[11:53:08]   [W-18_part2] 단계: 창 닫힘 확인
[11:53:08]   [W-18_part3] 단계: 창 열기
[11:53:09]   대상 창 확인: 서비스 / HWND=2885978 / PID=6612
[11:53:10]   [W-18_part3] 단계: 오른쪽 정렬 확인
[11:53:10]   [W-18_part3] 단계: 증빙 대상 탐색
[11:53:14]   [W-18_part3] 단계: 캡처 저장
[11:53:14]   증빙 이미지 저장: C:\Users\new-s\Desktop\KISA-fix-evidence-verification\KISA-fix-evidence-verification\Security Project - 복사본\KISA-AutoPatcher-Python\dist\evidence\20260918-114713-0833d989\W-18_part3.png
[11:53:17]   증빙 창 닫기 완료 → 다음 항목 진행
[11:53:17]   [W-18_part3] 단계: 창 닫힘 확인
[11:53:17]   [W-18_part4] 단계: 창 열기
[11:53:18]   대상 창 확인: 서비스 / HWND=5768650 / PID=1700
[11:53:18]   [W-18_part4] 단계: 오른쪽 정렬 확인
[11:53:18]   [W-18_part4] 단계: 증빙 대상 탐색
[11:53:24]   [W-18_part4] 단계: 캡처 저장
[11:53:24]   증빙 이미지 저장: C:\Users\new-s\Desktop\KISA-fix-evidence-verification\KISA-fix-evidence-verification\Security Project - 복사본\KISA-AutoPatcher-Python\dist\evidence\20260918-114713-0833d989\W-18_part4.png
[11:53:27]   증빙 창 닫기 완료 → 다음 항목 진행
[11:53:27]   [W-18_part4] 단계: 창 닫힘 확인
[11:53:27]   복합 증빙 4/4개 저장 완료
