[11:56:51] 
🔷 [W-56]  SMB 세션 중단 관리 설정
[11:56:51]   📷 증빙 화면 캡처 대기 중...
[11:56:51]   [W-56_part1] 단계: 창 열기
[11:56:53]   대상 창 확인: 로컬 보안 정책 / HWND=8520974 / PID=10864
[11:56:53]   [W-56_part1] 단계: 오른쪽 정렬 확인
[11:56:53]   [W-56_part1] 단계: 조치 및 설정 재조회
[11:56:53]   → 자동 변경 없음 (양호)
[11:56:53]   [W-56_part1] 단계: 증빙 대상 탐색
[11:57:02]   [W-56_part1] 단계: 캡처 저장
[11:57:02]   증빙 이미지 저장: C:\Users\new-s\Desktop\KISA-fix-evidence-verification\KISA-fix-evidence-verification\Security Project - 복사본\KISA-AutoPatcher-Python\dist\evidence\20260918-114713-0833d989\W-56_part1.png
[11:57:04]   증빙 창 닫기 완료 → 다음 항목 진행
[11:57:04]   [W-56_part1] 단계: 창 닫힘 확인
[11:57:04]   [W-56_part2] 단계: 창 열기
[11:57:06]   대상 창 확인: 로컬 보안 정책 / HWND=7013788 / PID=9776
[11:57:06]   [W-56_part2] 단계: 오른쪽 정렬 확인
[11:57:06]   [W-56_part2] 단계: 증빙 대상 탐색
[11:58:29]   [W-56_part2] 단계: 캡처 저장
[11:58:29]   증빙 이미지 저장: C:\Users\new-s\Desktop\KISA-fix-evidence-verification\KISA-fix-evidence-verification\Security Project - 복사본\KISA-AutoPatcher-Python\dist\evidence\20260918-114713-0833d989\W-56_part2.png
[11:58:30]   증빙 창 닫기 완료 → 다음 항목 진행
[11:58:30]   [W-56_part2] 단계: 창 닫힘 확인
[11:58:30]   복합 증빙 2/2개 저장 완료
