[11:00:36] 
🔷 [W-08]  계정 잠금 기간 설정
[11:00:36]   📷 증빙 화면 캡처 대기 중...
[11:00:36]   [W-08_part1] 단계: 창 열기
[11:00:37]   대상 창 확인: 로컬 보안 정책 / HWND=4195746 / PID=12404
[11:00:37]   [W-08_part1] 단계: 오른쪽 정렬 확인
[11:00:37]   [W-08_part1] 단계: 조치 및 설정 재조회
[11:00:37]   🔧 보안 조치 적용 및 검증 중...
[11:00:38] [W-08] 설정 검증 완료 / 백업: C:\Users\new-s\Desktop\KISA-fix-evidence-verification\KISA-fix-evidence-verification\Security Project - 복사본\KISA-AutoPatcher-Python\dist\backups\W-08_59891a9b35ac4365a2e0090bfb0b7878.json
[11:00:39]   [W-08_part1] 단계: 증빙 대상 탐색
[11:00:48]   [W-08_part1] 단계: 캡처 저장
[11:00:48]   증빙 이미지 저장: C:\Users\new-s\Desktop\KISA-fix-evidence-verification\KISA-fix-evidence-verification\Security Project - 복사본\KISA-AutoPatcher-Python\dist\evidence\20260918-105822-1d7aef37\W-08_part1.png
[11:00:49]   증빙 창 닫기 완료 → 다음 항목 진행
[11:00:49]   [W-08_part1] 단계: 창 닫힘 확인
[11:00:50]   [W-08_part2] 단계: 창 열기
[11:00:51]   대상 창 확인: 로컬 보안 정책 / HWND=1967562 / PID=15868
[11:00:51]   [W-08_part2] 단계: 오른쪽 정렬 확인
[11:00:51]   [W-08_part2] 단계: 증빙 대상 탐색
[11:01:00]   [W-08_part2] 단계: 캡처 저장
[11:01:00]   증빙 이미지 저장: C:\Users\new-s\Desktop\KISA-fix-evidence-verification\KISA-fix-evidence-verification\Security Project - 복사본\KISA-AutoPatcher-Python\dist\evidence\20260918-105822-1d7aef37\W-08_part2.png
[11:01:01]   증빙 창 닫기 완료 → 다음 항목 진행
[11:01:01]   [W-08_part2] 단계: 창 닫힘 확인
[11:01:01]   복합 증빙 2/2개 저장 완료
