[11:01:02] 
🔷 [W-09]  비밀번호 관리정책 설정
[11:01:02]   📷 증빙 화면 캡처 대기 중...
[11:01:02]   [W-09_part1] 단계: 창 열기
[11:01:03]   대상 창 확인: 로컬 보안 정책 / HWND=3933596 / PID=3092
[11:01:03]   [W-09_part1] 단계: 오른쪽 정렬 확인
[11:01:03]   [W-09_part1] 단계: 조치 및 설정 재조회
[11:01:03]   🔧 보안 조치 적용 및 검증 중...
[11:01:04] [W-09] 설정 검증 완료 / 백업: C:\Users\new-s\Desktop\KISA-fix-evidence-verification\KISA-fix-evidence-verification\Security Project - 복사본\KISA-AutoPatcher-Python\dist\backups\W-09_85b28ac0151948b49d02fae19db48c09.json
[11:01:05]   [W-09_part1] 단계: 증빙 대상 탐색
[11:02:28]   [W-09_part1] 단계: 캡처 저장
[11:02:28]   증빙 이미지 저장: C:\Users\new-s\Desktop\KISA-fix-evidence-verification\KISA-fix-evidence-verification\Security Project - 복사본\KISA-AutoPatcher-Python\dist\evidence\20260918-105822-1d7aef37\W-09_part1.png
[11:02:29]   증빙 창 닫기 완료 → 다음 항목 진행
[11:02:29]   [W-09_part1] 단계: 창 닫힘 확인
[11:02:29]   [W-09_part2] 단계: 창 열기
[11:02:30]   대상 창 확인: 로컬 보안 정책 / HWND=3671712 / PID=15180
[11:02:30]   [W-09_part2] 단계: 오른쪽 정렬 확인
[11:02:30]   [W-09_part2] 단계: 증빙 대상 탐색
[11:02:39]   [W-09_part2] 단계: 캡처 저장
[11:02:39]   증빙 이미지 저장: C:\Users\new-s\Desktop\KISA-fix-evidence-verification\KISA-fix-evidence-verification\Security Project - 복사본\KISA-AutoPatcher-Python\dist\evidence\20260918-105822-1d7aef37\W-09_part2.png
[11:02:40]   증빙 창 닫기 완료 → 다음 항목 진행
[11:02:40]   [W-09_part2] 단계: 창 닫힘 확인
[11:02:41]   [W-09_part3] 단계: 창 열기
[11:02:42]   대상 창 확인: 로컬 보안 정책 / HWND=2689210 / PID=3056
[11:02:42]   [W-09_part3] 단계: 오른쪽 정렬 확인
[11:02:42]   [W-09_part3] 단계: 증빙 대상 탐색
[11:02:51]   [W-09_part3] 단계: 캡처 저장
[11:02:51]   증빙 이미지 저장: C:\Users\new-s\Desktop\KISA-fix-evidence-verification\KISA-fix-evidence-verification\Security Project - 복사본\KISA-AutoPatcher-Python\dist\evidence\20260918-105822-1d7aef37\W-09_part3.png
[11:02:52]   증빙 창 닫기 완료 → 다음 항목 진행
[11:02:52]   [W-09_part3] 단계: 창 닫힘 확인
[11:02:53]   [W-09_part4] 단계: 창 열기
[11:02:54]   대상 창 확인: 로컬 보안 정책 / HWND=1705520 / PID=18412
[11:02:54]   [W-09_part4] 단계: 오른쪽 정렬 확인
[11:02:54]   [W-09_part4] 단계: 증빙 대상 탐색
[11:03:03]   [W-09_part4] 단계: 캡처 저장
[11:03:03]   증빙 이미지 저장: C:\Users\new-s\Desktop\KISA-fix-evidence-verification\KISA-fix-evidence-verification\Security Project - 복사본\KISA-AutoPatcher-Python\dist\evidence\20260918-105822-1d7aef37\W-09_part4.png
[11:03:04]   증빙 창 닫기 완료 → 다음 항목 진행
[11:03:04]   [W-09_part4] 단계: 창 닫힘 확인
[11:03:05]   [W-09_part5] 단계: 창 열기
[11:03:06]   대상 창 확인: 로컬 보안 정책 / HWND=1902444 / PID=10228
[11:03:06]   [W-09_part5] 단계: 오른쪽 정렬 확인
[11:03:06]   [W-09_part5] 단계: 증빙 대상 탐색
[11:03:15]   [W-09_part5] 단계: 캡처 저장
[11:03:15]   증빙 이미지 저장: C:\Users\new-s\Desktop\KISA-fix-evidence-verification\KISA-fix-evidence-verification\Security Project - 복사본\KISA-AutoPatcher-Python\dist\evidence\20260918-105822-1d7aef37\W-09_part5.png
[11:03:16]   증빙 창 닫기 완료 → 다음 항목 진행
[11:03:16]   [W-09_part5] 단계: 창 닫힘 확인
[11:03:16]   복합 증빙 5/5개 저장 완료
