[16:23:46] ━━━━━━━━━━━━━━━━━━━━━━━━━━━━━━━━━━━━━━━━━━━━━━━━━━━━━━━
[16:23:46]   🔍 전체 취약점 스캔 시작...
[16:23:46] ━━━━━━━━━━━━━━━━━━━━━━━━━━━━━━━━━━━━━━━━━━━━━━━━━━━━━━━
[16:23:51] ⏹ 중지 요청됨...
[16:23:52] 
✅ 스캔 완료 – 취약: 3개 / 전체: 65개
[16:28:03] ✅ 정책 파일 65개 로드 완료 (C:\Users\new-s\AppData\Local\Temp\_MEI00002ff02\config\policies)
[16:28:03] 📘 KISA 가이드(Model.pdf 기준) 64개 항목 로드 완료
[16:28:23] ━━━━━━━━━━━━━━━━━━━━━━━━━━━━━━━━━━━━━━━━━━━━━━━━━━━━━━━
[16:28:23]   🔍 전체 취약점 스캔 시작...
[16:28:23] ━━━━━━━━━━━━━━━━━━━━━━━━━━━━━━━━━━━━━━━━━━━━━━━━━━━━━━━
[16:28:29] ⚠️  [W-01]  수동 조치(기본 이름 변경 또는 강력한 암호 중 하나로 충족 가능. 계정 의존 서비스 확인 후 수동 판단.)
[16:28:29] ✅  [W-02]  양호
[16:28:29] ⚠️  [W-03]  수동 조치(기본 계정 이외의 비활성 사용자 계정 수동 진단 및 삭제)
[16:28:29] ✅  [W-04]  양호
[16:28:29] ✅  [W-05]  양호
[16:28:29] ⚠️  [W-06]  수동 조치(관리자 수만으로 불필요한 계정 여부를 판단할 수 없음. 계정별 업무 필요성 확인.)
[16:28:29] ✅  [W-07]  양호
[16:28:30] ❌  [W-08]  취약
[16:28:30] ❌  [W-09]  취약
[16:28:30] ❌  [W-10]  취약
[16:28:30] ⚠️  [W-11]  수동 조치(로컬 로그온을 허용하는 권한의 할당 리스트 수동 점검)
[16:28:30] ✅  [W-12]  양호
[16:28:30] ✅  [W-13]  양호
[16:28:30] ⚠️  [W-14]  수동 조치(원격 데스크톱(Remote Desktop Users) 그룹 사용 권한 수동 점검)
[16:28:30] ✅  [W-15]  양호
[16:28:30] ⚠️  [W-16]  수동 조치(Everyone 권한으로 개방된 중요 공유 디렉터리 접근 수동 제한)
[16:28:30] ⚠️  [W-17]  수동 조치(AutoShareServer/AutoShareWks 및 실제 기본 공유를 함께 확인. AD·백업·배포 도구 영향 검토.)
[16:28:30] ⚠️  [W-18]  수동 조치(불필요하거나 보안위협이 있는 기본 백그라운드 서비스 동작 수동 검증)
[16:28:30] ⚠️  [W-19]  수동 조치(업무에 필요한 IIS는 가이드상 허용. 사용 목적 확인 후 불필요한 경우에만 중지.)
[16:28:31] ⚠️  [W-20]  수동 조치(물리·가상 NIC별 NetBIOS 바인딩과 업무 의존성을 확인. 일괄 NIC 변경 금지.)
[16:28:31] ⚠️  [W-21]  수동 조치(FTP 사용 여부와 암호화 설정 확인. FTPSVC/MSFTPSVC 구분 및 업무 영향 검토.)
[16:28:31] ⚠️  [W-22]  수동 조치(FTP 홈 디렉터리 ACL을 직접 확인. 서비스 상태만으로 판정 불가.)
[16:28:31] ⚠️  [W-23]  수동 조치(익명 공유와 애플리케이션 의존성을 함께 확인.)
[16:28:31] ⚠️  [W-24]  수동 조치(FTP 접근 IP 및 사용자 접근 제어 확인.)
[16:28:31] ⚠️  [W-25]  수동 조치(DNS 영역별 전송 허용 서버 확인.)
[16:28:31] ⚠️  [W-26]  수동 조치(IIS RDS 구성 및 사용 여부 확인.)
[16:28:31] ⚠️  [W-27]  수동 조치(OS 제품·지원 버전별 최신 빌드 및 패치 절차 확인.)
[16:28:31] ✅  [W-28]  양호
[16:28:31] ⚠️  [W-29]  수동 조치(SNMP 필요성과 Community 설정 확인. 모니터링 중단 영향 검토.)
[16:28:31] ⚠️  [W-30]  수동 조치(SNMP Community를 장비 및 관제 서버와 함께 검토.)
[16:28:32] ⚠️  [W-31]  수동 조치(SNMP 허용 호스트 검토.)
[16:28:32] ⚠️  [W-32]  수동 조치(DNS 영역별 동적 업데이트 설정 검토.)
[16:28:32] ⚠️  [W-33]  수동 조치(HTTP/FTP/SMTP 실제 응답 배너 확인.)
[16:28:32] ⚠️  [W-34]  수동 조치(Telnet 미사용 또는 NTLM 인증 여부 확인. 업무 연계 확인 후 중지.)
[16:28:32] ⚠️  [W-35]  수동 조치(기본 제공 ODBC 드라이버 명세 분석 및 불필요 항목 제거 수동 점검)
[16:28:32] ✅  [W-36]  양호
[16:28:32] ⚠️  [W-37]  수동 조치(작업 스케줄러 라이브러리의 인가되지 않은 타사 프로그램 자동 실행 수동 점검)
[16:28:32] ⚠️  [W-38]  수동 조치(패치 존재 여부만으로 최신성 판정 불가. 패치 주기·절차·설치 목록 검토.)
[16:28:32] ⚠️  [W-39]  수동 조치(백신 프로그램 최신 바이러스 서명 데이터 업데이트 주기 수동 검증)
[16:28:32] ❌  [W-40]  취약
[16:28:32] ⚠️  [W-41]  수동 조치(서비스 실행뿐 아니라 실제 시간 원본 및 동기화 성공 여부 확인.)
[16:28:33] ⚠️  [W-42]  수동 조치(이벤트 로그 크기 및 덮어쓰기 정책 수동 점검)
[16:28:33] ⚠️  [W-43]  수동 조치(이벤트 로그 저장 경로 파일(System32\winevt\Logs) 권한 상속 제어 점검)
[16:28:33] ✅  [W-44]  양호
[16:28:33] ⚠️  [W-45]  수동 조치(안전한 상용 또는 윈도우 빌트인 백신 백그라운드 엔진 동작 수동 점검)
[16:28:33] ⚠️  [W-46]  수동 조치(SAM 파일 ACL의 Administrators/SYSTEM 권한 확인. NoLMHash와 다른 항목.)
[16:28:33] ✅  [W-47]  양호
[16:28:33] ❌  [W-48]  취약
[16:28:33] ⚠️  [W-49]  수동 조치(로컬 보안 정책의 '원격 시스템에서 강제로 시스템 종료' 사용자 권한 할당 검증)
[16:28:33] ✅  [W-50]  양호
[16:28:33] ❌  [W-51]  취약
[16:28:33] ✅  [W-52]  양호
[16:28:33] ✅  [W-53]  양호
[16:28:34] ⚠️  [W-54]  수동 조치(구형 OS용 DoS 레지스트리 4개 및 OS 적용 가능성 검토. 최신 OS 일괄 적용 금지.)
[16:28:34] ❌  [W-55]  취약
[16:28:34] ✅  [W-56]  양호
[16:28:34] ❌  [W-57_Caption]  취약
[16:28:34] ❌  [W-57_Text]  취약
[16:28:34] ⚠️  [W-58]  수동 조치(사용자 홈 디렉터리의 쓰기/수정 권한 제한 상태 수동 진단)
[16:28:34] ✅  [W-59]  양호
[16:28:34] ⚠️  [W-60]  수동 조치(도메인 구성원 여부 및 보안 채널 암호화·서명 3개 정책 모두 확인.)
[16:28:34] ✅  [W-61]  양호
[16:28:34] ⚠️  [W-62]  수동 조치(비정상 등록 시작프로그램 및 의심 서비스 수동 점검)
[16:28:34] ⚠️  [W-63]  수동 조치(도메인 Kerberos 시계 허용 오차 5분 이하 확인. W32Time 실행 여부와 다른 항목.)
[16:28:34] ✅  [W-64]  양호
[16:28:34] 
✅ 스캔 완료 – 취약: 9개 / 전체: 65개
[17:31:43] ✅ 정책 파일 65개 로드 완료 (C:\Users\new-s\AppData\Local\Temp\_MEI00000f042\config\policies)
[17:31:43] 📘 KISA 가이드(Model.pdf 기준) 64개 항목 로드 완료
[17:31:47] ━━━━━━━━━━━━━━━━━━━━━━━━━━━━━━━━━━━━━━━━━━━━━━━━━━━━━━━
[17:31:47]   🔍 전체 취약점 스캔 시작...
[17:31:47] ━━━━━━━━━━━━━━━━━━━━━━━━━━━━━━━━━━━━━━━━━━━━━━━━━━━━━━━
[17:31:53] ⚠️  [W-01]  수동 조치(기본 이름 변경 또는 강력한 암호 중 하나로 충족 가능. 계정 의존 서비스 확인 후 수동 판단.)
[17:31:53] ✅  [W-02]  양호
[17:31:53] ⚠️  [W-03]  수동 조치(기본 계정 이외의 비활성 사용자 계정 수동 진단 및 삭제)
[17:31:53] ✅  [W-04]  양호
[17:31:53] ✅  [W-05]  양호
[17:31:53] ⚠️  [W-06]  수동 조치(관리자 수만으로 불필요한 계정 여부를 판단할 수 없음. 계정별 업무 필요성 확인.)
[17:31:53] ✅  [W-07]  양호
[17:31:53] ✅  [W-08]  양호
[17:31:53] ✅  [W-09]  양호
[17:31:53] ✅  [W-10]  양호
[17:31:53] ⚠️  [W-11]  수동 조치(로컬 로그온을 허용하는 권한의 할당 리스트 수동 점검)
[17:31:53] ✅  [W-12]  양호
[17:31:54] ✅  [W-13]  양호
[17:31:54] ⚠️  [W-14]  수동 조치(원격 데스크톱(Remote Desktop Users) 그룹 사용 권한 수동 점검)
[17:31:54] ✅  [W-15]  양호
[17:31:54] ⚠️  [W-16]  수동 조치(Everyone 권한으로 개방된 중요 공유 디렉터리 접근 수동 제한)
[17:31:54] ⚠️  [W-17]  수동 조치(AutoShareServer/AutoShareWks 및 실제 기본 공유를 함께 확인. AD·백업·배포 도구 영향 검토.)
[17:31:54] ⚠️  [W-18]  수동 조치(불필요하거나 보안위협이 있는 기본 백그라운드 서비스 동작 수동 검증)
[17:31:54] ⚠️  [W-19]  수동 조치(업무에 필요한 IIS는 가이드상 허용. 사용 목적 확인 후 불필요한 경우에만 중지.)
[17:31:54] ⚠️  [W-20]  수동 조치(물리·가상 NIC별 NetBIOS 바인딩과 업무 의존성을 확인. 일괄 NIC 변경 금지.)
[17:31:54] ⚠️  [W-21]  수동 조치(FTP 사용 여부와 암호화 설정 확인. FTPSVC/MSFTPSVC 구분 및 업무 영향 검토.)
[17:31:54] ⚠️  [W-22]  수동 조치(FTP 홈 디렉터리 ACL을 직접 확인. 서비스 상태만으로 판정 불가.)
[17:31:54] ⚠️  [W-23]  수동 조치(익명 공유와 애플리케이션 의존성을 함께 확인.)
[17:31:55] ⚠️  [W-24]  수동 조치(FTP 접근 IP 및 사용자 접근 제어 확인.)
[17:31:55] ⚠️  [W-25]  수동 조치(DNS 영역별 전송 허용 서버 확인.)
[17:31:55] ⚠️  [W-26]  수동 조치(IIS RDS 구성 및 사용 여부 확인.)
[17:31:55] ⚠️  [W-27]  수동 조치(OS 제품·지원 버전별 최신 빌드 및 패치 절차 확인.)
[17:31:55] ✅  [W-28]  양호
[17:31:55] ⚠️  [W-29]  수동 조치(SNMP 필요성과 Community 설정 확인. 모니터링 중단 영향 검토.)
[17:31:55] ⚠️  [W-30]  수동 조치(SNMP Community를 장비 및 관제 서버와 함께 검토.)
[17:31:55] ⚠️  [W-31]  수동 조치(SNMP 허용 호스트 검토.)
[17:31:55] ⚠️  [W-32]  수동 조치(DNS 영역별 동적 업데이트 설정 검토.)
[17:31:55] ⚠️  [W-33]  수동 조치(HTTP/FTP/SMTP 실제 응답 배너 확인.)
[17:31:55] ⚠️  [W-34]  수동 조치(Telnet 미사용 또는 NTLM 인증 여부 확인. 업무 연계 확인 후 중지.)
[17:31:55] ⚠️  [W-35]  수동 조치(기본 제공 ODBC 드라이버 명세 분석 및 불필요 항목 제거 수동 점검)
[17:31:56] ✅  [W-36]  양호
[17:31:56] ⚠️  [W-37]  수동 조치(작업 스케줄러 라이브러리의 인가되지 않은 타사 프로그램 자동 실행 수동 점검)
[17:31:56] ⚠️  [W-38]  수동 조치(패치 존재 여부만으로 최신성 판정 불가. 패치 주기·절차·설치 목록 검토.)
[17:31:56] ⚠️  [W-39]  수동 조치(백신 프로그램 최신 바이러스 서명 데이터 업데이트 주기 수동 검증)
[17:31:56] ✅  [W-40]  양호
[17:31:56] ⚠️  [W-41]  수동 조치(서비스 실행뿐 아니라 실제 시간 원본 및 동기화 성공 여부 확인.)
[17:31:56] ⚠️  [W-42]  수동 조치(이벤트 로그 크기 및 덮어쓰기 정책 수동 점검)
[17:31:56] ⚠️  [W-43]  수동 조치(이벤트 로그 저장 경로 파일(System32\winevt\Logs) 권한 상속 제어 점검)
[17:31:56] ✅  [W-44]  양호
[17:31:57] ⚠️  [W-45]  수동 조치(안전한 상용 또는 윈도우 빌트인 백신 백그라운드 엔진 동작 수동 점검)
[17:31:57] ⚠️  [W-46]  수동 조치(SAM 파일 ACL의 Administrators/SYSTEM 권한 확인. NoLMHash와 다른 항목.)
[17:31:57] ✅  [W-47]  양호
[17:31:57] ✅  [W-48]  양호
[17:31:57] ⚠️  [W-49]  수동 조치(로컬 보안 정책의 '원격 시스템에서 강제로 시스템 종료' 사용자 권한 할당 검증)
[17:31:57] ✅  [W-50]  양호
[17:31:57] ✅  [W-51]  양호
[17:31:57] ✅  [W-52]  양호
[17:31:57] ✅  [W-53]  양호
[17:31:57] ⚠️  [W-54]  수동 조치(구형 OS용 DoS 레지스트리 4개 및 OS 적용 가능성 검토. 최신 OS 일괄 적용 금지.)
[17:31:57] ✅  [W-55]  양호
[17:31:57] ✅  [W-56]  양호
[17:31:58] ✅  [W-57_Caption]  양호
[17:31:58] ✅  [W-57_Text]  양호
[17:31:58] ⚠️  [W-58]  수동 조치(사용자 홈 디렉터리의 쓰기/수정 권한 제한 상태 수동 진단)
[17:31:58] ✅  [W-59]  양호
[17:31:58] ⚠️  [W-60]  수동 조치(도메인 구성원 여부 및 보안 채널 암호화·서명 3개 정책 모두 확인.)
[17:31:58] ✅  [W-61]  양호
[17:31:58] ⚠️  [W-62]  수동 조치(비정상 등록 시작프로그램 및 의심 서비스 수동 점검)
[17:31:58] ⚠️  [W-63]  수동 조치(도메인 Kerberos 시계 허용 오차 5분 이하 확인. W32Time 실행 여부와 다른 항목.)
[17:31:58] ✅  [W-64]  양호
[17:31:58] 
✅ 스캔 완료 – 취약: 0개 / 전체: 65개
[17:55:33] ✅ 정책 파일 65개 로드 완료 (C:\Users\new-s\AppData\Local\Temp\_MEI000033842\config\policies)
[17:55:33] 📘 KISA 가이드(Model.pdf 기준) 64개 항목 로드 완료
[17:55:38] ━━━━━━━━━━━━━━━━━━━━━━━━━━━━━━━━━━━━━━━━━━━━━━━━━━━━━━━
[17:55:38]   🔍 전체 취약점 스캔 시작...
[17:55:38] ━━━━━━━━━━━━━━━━━━━━━━━━━━━━━━━━━━━━━━━━━━━━━━━━━━━━━━━
[17:55:43] ⚠️  [W-01]  수동 조치(기본 이름 변경 또는 강력한 암호 중 하나로 충족 가능. 계정 의존 서비스 확인 후 수동 판단.)
[17:55:43] ✅  [W-02]  양호
[17:55:43] ⚠️  [W-03]  수동 조치(기본 계정 이외의 비활성 사용자 계정 수동 진단 및 삭제)
[17:55:43] ✅  [W-04]  양호
[17:55:44] ✅  [W-05]  양호
[17:55:44] ⚠️  [W-06]  수동 조치(관리자 수만으로 불필요한 계정 여부를 판단할 수 없음. 계정별 업무 필요성 확인.)
[17:55:44] ✅  [W-07]  양호
[17:55:44] ✅  [W-08]  양호
[17:55:44] ✅  [W-09]  양호
[17:55:44] ✅  [W-10]  양호
[17:55:44] ⚠️  [W-11]  수동 조치(로컬 로그온을 허용하는 권한의 할당 리스트 수동 점검)
[17:55:44] ✅  [W-12]  양호
[17:55:44] ✅  [W-13]  양호
[17:55:44] ⚠️  [W-14]  수동 조치(원격 데스크톱(Remote Desktop Users) 그룹 사용 권한 수동 점검)
[17:55:44] ✅  [W-15]  양호
[17:55:44] ⚠️  [W-16]  수동 조치(Everyone 권한으로 개방된 중요 공유 디렉터리 접근 수동 제한)
[17:55:45] ⚠️  [W-17]  수동 조치(AutoShareServer/AutoShareWks 및 실제 기본 공유를 함께 확인. AD·백업·배포 도구 영향 검토.)
[17:55:45] ⚠️  [W-18]  수동 조치(불필요하거나 보안위협이 있는 기본 백그라운드 서비스 동작 수동 검증)
[17:55:45] ⚠️  [W-19]  수동 조치(업무에 필요한 IIS는 가이드상 허용. 사용 목적 확인 후 불필요한 경우에만 중지.)
[17:55:45] ⚠️  [W-20]  수동 조치(물리·가상 NIC별 NetBIOS 바인딩과 업무 의존성을 확인. 일괄 NIC 변경 금지.)
[17:55:45] ⚠️  [W-21]  수동 조치(FTP 사용 여부와 암호화 설정 확인. FTPSVC/MSFTPSVC 구분 및 업무 영향 검토.)
[17:55:45] ⚠️  [W-22]  수동 조치(FTP 홈 디렉터리 ACL을 직접 확인. 서비스 상태만으로 판정 불가.)
[17:55:45] ⚠️  [W-23]  수동 조치(익명 공유와 애플리케이션 의존성을 함께 확인.)
[17:55:45] ⚠️  [W-24]  수동 조치(FTP 접근 IP 및 사용자 접근 제어 확인.)
[17:55:45] ⚠️  [W-25]  수동 조치(DNS 영역별 전송 허용 서버 확인.)
[17:55:45] ⚠️  [W-26]  수동 조치(IIS RDS 구성 및 사용 여부 확인.)
[17:55:45] ⚠️  [W-27]  수동 조치(OS 제품·지원 버전별 최신 빌드 및 패치 절차 확인.)
[17:55:46] ✅  [W-28]  양호
[17:55:46] ⚠️  [W-29]  수동 조치(SNMP 필요성과 Community 설정 확인. 모니터링 중단 영향 검토.)
[17:55:46] ⚠️  [W-30]  수동 조치(SNMP Community를 장비 및 관제 서버와 함께 검토.)
[17:55:46] ⚠️  [W-31]  수동 조치(SNMP 허용 호스트 검토.)
[17:55:46] ⚠️  [W-32]  수동 조치(DNS 영역별 동적 업데이트 설정 검토.)
[17:55:46] ⚠️  [W-33]  수동 조치(HTTP/FTP/SMTP 실제 응답 배너 확인.)
[17:55:46] ⚠️  [W-34]  수동 조치(Telnet 미사용 또는 NTLM 인증 여부 확인. 업무 연계 확인 후 중지.)
[17:55:46] ⚠️  [W-35]  수동 조치(기본 제공 ODBC 드라이버 명세 분석 및 불필요 항목 제거 수동 점검)
[17:55:46] ✅  [W-36]  양호
[17:55:46] ⚠️  [W-37]  수동 조치(작업 스케줄러 라이브러리의 인가되지 않은 타사 프로그램 자동 실행 수동 점검)
[17:55:46] ⚠️  [W-38]  수동 조치(패치 존재 여부만으로 최신성 판정 불가. 패치 주기·절차·설치 목록 검토.)
[17:55:47] ⚠️  [W-39]  수동 조치(백신 프로그램 최신 바이러스 서명 데이터 업데이트 주기 수동 검증)
[17:55:47] ✅  [W-40]  양호
[17:55:47] ⚠️  [W-41]  수동 조치(서비스 실행뿐 아니라 실제 시간 원본 및 동기화 성공 여부 확인.)
[17:55:47] ⚠️  [W-42]  수동 조치(이벤트 로그 크기 및 덮어쓰기 정책 수동 점검)
[17:55:47] ⚠️  [W-43]  수동 조치(이벤트 로그 저장 경로 파일(System32\winevt\Logs) 권한 상속 제어 점검)
[17:55:47] ✅  [W-44]  양호
[17:55:47] ⚠️  [W-45]  수동 조치(안전한 상용 또는 윈도우 빌트인 백신 백그라운드 엔진 동작 수동 점검)
[17:55:47] ⚠️  [W-46]  수동 조치(SAM 파일 ACL의 Administrators/SYSTEM 권한 확인. NoLMHash와 다른 항목.)
[17:55:47] ✅  [W-47]  양호
[17:55:47] ✅  [W-48]  양호
[17:55:47] ⚠️  [W-49]  수동 조치(로컬 보안 정책의 '원격 시스템에서 강제로 시스템 종료' 사용자 권한 할당 검증)
[17:55:48] ✅  [W-50]  양호
[17:55:48] ✅  [W-51]  양호
[17:55:48] ✅  [W-52]  양호
[17:55:48] ✅  [W-53]  양호
[17:55:48] ⚠️  [W-54]  수동 조치(구형 OS용 DoS 레지스트리 4개 및 OS 적용 가능성 검토. 최신 OS 일괄 적용 금지.)
[17:55:48] ✅  [W-55]  양호
[17:55:48] ✅  [W-56]  양호
[17:55:48] ✅  [W-57_Caption]  양호
[17:55:48] ✅  [W-57_Text]  양호
[17:55:48] ⚠️  [W-58]  수동 조치(사용자 홈 디렉터리의 쓰기/수정 권한 제한 상태 수동 진단)
[17:55:49] ✅  [W-59]  양호
[17:55:49] ⚠️  [W-60]  수동 조치(도메인 구성원 여부 및 보안 채널 암호화·서명 3개 정책 모두 확인.)
[17:55:49] ✅  [W-61]  양호
[17:55:49] ⚠️  [W-62]  수동 조치(비정상 등록 시작프로그램 및 의심 서비스 수동 점검)
[17:55:49] ⚠️  [W-63]  수동 조치(도메인 Kerberos 시계 허용 오차 5분 이하 확인. W32Time 실행 여부와 다른 항목.)
[17:55:49] ✅  [W-64]  양호
[17:55:49] 
✅ 스캔 완료 – 취약: 0개 / 전체: 65개
[10:57:17] ✅ 정책 파일 65개 로드 완료 (C:\Users\new-s\AppData\Local\Temp\_MEI00003bb02\config\policies)
[10:57:17] 📘 KISA 가이드(Model.pdf 기준) 64개 항목 로드 완료
[10:57:47] ✅ 정책 파일 65개 로드 완료 (C:\Users\new-s\AppData\Local\Temp\_MEI00000c202\config\policies)
[10:57:47] 📘 KISA 가이드(Model.pdf 기준) 64개 항목 로드 완료
[10:57:50] ━━━━━━━━━━━━━━━━━━━━━━━━━━━━━━━━━━━━━━━━━━━━━━━━━━━━━━━
[10:57:50]   🔍 전체 취약점 스캔 시작...
[10:57:50] ━━━━━━━━━━━━━━━━━━━━━━━━━━━━━━━━━━━━━━━━━━━━━━━━━━━━━━━
[10:57:56] ⚠️  [W-01]  수동 조치(기본 이름 변경 또는 강력한 암호 중 하나로 충족 가능. 계정 의존 서비스 확인 후 수동 판단.)
[10:57:56] ✅  [W-02]  양호
[10:57:56] ⚠️  [W-03]  수동 조치(기본 계정 이외의 비활성 사용자 계정 수동 진단 및 삭제)
[10:57:57] ❌  [W-04]  취약
[10:57:57] ✅  [W-05]  양호
[10:57:57] ⚠️  [W-06]  수동 조치(관리자 수만으로 불필요한 계정 여부를 판단할 수 없음. 계정별 업무 필요성 확인.)
[10:57:57] ✅  [W-07]  양호
[10:57:57] ❌  [W-08]  취약
[10:57:57] ❌  [W-09]  취약
[10:57:57] ❌  [W-10]  취약
[10:57:57] ⚠️  [W-11]  수동 조치(로컬 로그온을 허용하는 권한의 할당 리스트 수동 점검)
[10:57:57] ✅  [W-12]  양호
[10:57:57] ✅  [W-13]  양호
[10:57:57] ⚠️  [W-14]  수동 조치(원격 데스크톱(Remote Desktop Users) 그룹 사용 권한 수동 점검)
[10:57:57] ✅  [W-15]  양호
[10:57:58] ⚠️  [W-16]  수동 조치(Everyone 권한으로 개방된 중요 공유 디렉터리 접근 수동 제한)
[10:57:58] ⚠️  [W-17]  수동 조치(AutoShareServer/AutoShareWks 및 실제 기본 공유를 함께 확인. AD·백업·배포 도구 영향 검토.)
[10:57:58] ⚠️  [W-18]  수동 조치(불필요하거나 보안위협이 있는 기본 백그라운드 서비스 동작 수동 검증)
[10:57:58] ⚠️  [W-19]  수동 조치(업무에 필요한 IIS는 가이드상 허용. 사용 목적 확인 후 불필요한 경우에만 중지.)
[10:57:58] ⚠️  [W-20]  수동 조치(물리·가상 NIC별 NetBIOS 바인딩과 업무 의존성을 확인. 일괄 NIC 변경 금지.)
[10:57:58] ⚠️  [W-21]  수동 조치(FTP 사용 여부와 암호화 설정 확인. FTPSVC/MSFTPSVC 구분 및 업무 영향 검토.)
[10:57:58] ⚠️  [W-22]  수동 조치(FTP 홈 디렉터리 ACL을 직접 확인. 서비스 상태만으로 판정 불가.)
[10:57:58] ⚠️  [W-23]  수동 조치(익명 공유와 애플리케이션 의존성을 함께 확인.)
[10:57:58] ⚠️  [W-24]  수동 조치(FTP 접근 IP 및 사용자 접근 제어 확인.)
[10:57:58] ⚠️  [W-25]  수동 조치(DNS 영역별 전송 허용 서버 확인.)
[10:57:58] ⚠️  [W-26]  수동 조치(IIS RDS 구성 및 사용 여부 확인.)
[10:57:59] ⚠️  [W-27]  수동 조치(OS 제품·지원 버전별 최신 빌드 및 패치 절차 확인.)
[10:57:59] ✅  [W-28]  양호
[10:57:59] ⚠️  [W-29]  수동 조치(SNMP 필요성과 Community 설정 확인. 모니터링 중단 영향 검토.)
[10:57:59] ⚠️  [W-30]  수동 조치(SNMP Community를 장비 및 관제 서버와 함께 검토.)
[10:57:59] ⚠️  [W-31]  수동 조치(SNMP 허용 호스트 검토.)
[10:57:59] ⚠️  [W-32]  수동 조치(DNS 영역별 동적 업데이트 설정 검토.)
[10:57:59] ⚠️  [W-33]  수동 조치(HTTP/FTP/SMTP 실제 응답 배너 확인.)
[10:57:59] ⚠️  [W-34]  수동 조치(Telnet 미사용 또는 NTLM 인증 여부 확인. 업무 연계 확인 후 중지.)
[10:57:59] ⚠️  [W-35]  수동 조치(기본 제공 ODBC 드라이버 명세 분석 및 불필요 항목 제거 수동 점검)
[10:57:59] ✅  [W-36]  양호
[10:58:00] ⚠️  [W-37]  수동 조치(작업 스케줄러 라이브러리의 인가되지 않은 타사 프로그램 자동 실행 수동 점검)
[10:58:00] ⚠️  [W-38]  수동 조치(패치 존재 여부만으로 최신성 판정 불가. 패치 주기·절차·설치 목록 검토.)
[10:58:00] ⚠️  [W-39]  수동 조치(백신 프로그램 최신 바이러스 서명 데이터 업데이트 주기 수동 검증)
[10:58:00] ❌  [W-40]  취약
[10:58:00] ⚠️  [W-41]  수동 조치(서비스 실행뿐 아니라 실제 시간 원본 및 동기화 성공 여부 확인.)
[10:58:00] ⚠️  [W-42]  수동 조치(이벤트 로그 크기 및 덮어쓰기 정책 수동 점검)
[10:58:00] ⚠️  [W-43]  수동 조치(이벤트 로그 저장 경로 파일(System32\winevt\Logs) 권한 상속 제어 점검)
[10:58:00] ✅  [W-44]  양호
[10:58:00] ⚠️  [W-45]  수동 조치(안전한 상용 또는 윈도우 빌트인 백신 백그라운드 엔진 동작 수동 점검)
[10:58:01] ⚠️  [W-46]  수동 조치(SAM 파일 ACL의 Administrators/SYSTEM 권한 확인. NoLMHash와 다른 항목.)
[10:58:01] ✅  [W-47]  양호
[10:58:01] ❌  [W-48]  취약
[10:58:01] ⚠️  [W-49]  수동 조치(로컬 보안 정책의 '원격 시스템에서 강제로 시스템 종료' 사용자 권한 할당 검증)
[10:58:01] ✅  [W-50]  양호
[10:58:01] ❌  [W-51]  취약
[10:58:01] ❌  [W-52]  취약
[10:58:01] ✅  [W-53]  양호
[10:58:01] ⚠️  [W-54]  수동 조치(구형 OS용 DoS 레지스트리 4개 및 OS 적용 가능성 검토. 최신 OS 일괄 적용 금지.)
[10:58:01] ❌  [W-55]  취약
[10:58:01] ✅  [W-56]  양호
[10:58:02] ❌  [W-57_Caption]  취약
[10:58:02] ❌  [W-57_Text]  취약
[10:58:02] ⚠️  [W-58]  수동 조치(사용자 홈 디렉터리의 쓰기/수정 권한 제한 상태 수동 진단)
[10:58:02] ✅  [W-59]  양호
[10:58:02] ⚠️  [W-60]  수동 조치(도메인 구성원 여부 및 보안 채널 암호화·서명 3개 정책 모두 확인.)
[10:58:02] ✅  [W-61]  양호
[10:58:02] ⚠️  [W-62]  수동 조치(비정상 등록 시작프로그램 및 의심 서비스 수동 점검)
[10:58:02] ⚠️  [W-63]  수동 조치(도메인 Kerberos 시계 허용 오차 5분 이하 확인. W32Time 실행 여부와 다른 항목.)
[10:58:02] ❌  [W-64]  오류
[10:58:02] 
✅ 스캔 완료 – 취약: 11개 / 전체: 65개
[11:46:12] ✅ 정책 파일 65개 로드 완료 (C:\Users\new-s\AppData\Local\Temp\_MEI00002ca02\config\policies)
[11:46:12] 📘 KISA 가이드(Model.pdf 기준) 64개 항목 로드 완료
[11:46:14] ━━━━━━━━━━━━━━━━━━━━━━━━━━━━━━━━━━━━━━━━━━━━━━━━━━━━━━━
[11:46:14]   🔍 전체 취약점 스캔 시작...
[11:46:14] ━━━━━━━━━━━━━━━━━━━━━━━━━━━━━━━━━━━━━━━━━━━━━━━━━━━━━━━
[11:46:19] ⚠️  [W-01]  수동 조치(기본 이름 변경 또는 강력한 암호 중 하나로 충족 가능. 계정 의존 서비스 확인 후 수동 판단.)
[11:46:19] ✅  [W-02]  양호
[11:46:19] ⚠️  [W-03]  수동 조치(기본 계정 이외의 비활성 사용자 계정 수동 진단 및 삭제)
[11:46:19] ✅  [W-04]  양호
[11:46:19] ✅  [W-05]  양호
[11:46:19] ⚠️  [W-06]  수동 조치(관리자 수만으로 불필요한 계정 여부를 판단할 수 없음. 계정별 업무 필요성 확인.)
[11:46:19] ✅  [W-07]  양호
[11:46:20] ✅  [W-08]  양호
[11:46:20] ✅  [W-09]  양호
[11:46:20] ✅  [W-10]  양호
[11:46:20] ⚠️  [W-11]  수동 조치(로컬 로그온을 허용하는 권한의 할당 리스트 수동 점검)
[11:46:20] ✅  [W-12]  양호
[11:46:20] ✅  [W-13]  양호
[11:46:20] ⚠️  [W-14]  수동 조치(원격 데스크톱(Remote Desktop Users) 그룹 사용 권한 수동 점검)
[11:46:20] ✅  [W-15]  양호
[11:46:20] ⚠️  [W-16]  수동 조치(Everyone 권한으로 개방된 중요 공유 디렉터리 접근 수동 제한)
[11:46:20] ⚠️  [W-17]  수동 조치(AutoShareServer/AutoShareWks 및 실제 기본 공유를 함께 확인. AD·백업·배포 도구 영향 검토.)
[11:46:20] ⚠️  [W-18]  수동 조치(불필요하거나 보안위협이 있는 기본 백그라운드 서비스 동작 수동 검증)
[11:46:20] ⚠️  [W-19]  수동 조치(업무에 필요한 IIS는 가이드상 허용. 사용 목적 확인 후 불필요한 경우에만 중지.)
[11:46:21] ⚠️  [W-20]  수동 조치(물리·가상 NIC별 NetBIOS 바인딩과 업무 의존성을 확인. 일괄 NIC 변경 금지.)
[11:46:21] ⚠️  [W-21]  수동 조치(FTP 사용 여부와 암호화 설정 확인. FTPSVC/MSFTPSVC 구분 및 업무 영향 검토.)
[11:46:21] ⚠️  [W-22]  수동 조치(FTP 홈 디렉터리 ACL을 직접 확인. 서비스 상태만으로 판정 불가.)
[11:46:21] ⚠️  [W-23]  수동 조치(익명 공유와 애플리케이션 의존성을 함께 확인.)
[11:46:21] ⚠️  [W-24]  수동 조치(FTP 접근 IP 및 사용자 접근 제어 확인.)
[11:46:21] ⚠️  [W-25]  수동 조치(DNS 영역별 전송 허용 서버 확인.)
[11:46:21] ⚠️  [W-26]  수동 조치(IIS RDS 구성 및 사용 여부 확인.)
[11:46:21] ⚠️  [W-27]  수동 조치(OS 제품·지원 버전별 최신 빌드 및 패치 절차 확인.)
[11:46:21] ✅  [W-28]  양호
[11:46:22] ⚠️  [W-29]  수동 조치(SNMP 필요성과 Community 설정 확인. 모니터링 중단 영향 검토.)
[11:46:22] ⚠️  [W-30]  수동 조치(SNMP Community를 장비 및 관제 서버와 함께 검토.)
[11:46:22] ⚠️  [W-31]  수동 조치(SNMP 허용 호스트 검토.)
[11:46:22] ⚠️  [W-32]  수동 조치(DNS 영역별 동적 업데이트 설정 검토.)
[11:46:22] ⚠️  [W-33]  수동 조치(HTTP/FTP/SMTP 실제 응답 배너 확인.)
[11:46:22] ⚠️  [W-34]  수동 조치(Telnet 미사용 또는 NTLM 인증 여부 확인. 업무 연계 확인 후 중지.)
[11:46:22] ⚠️  [W-35]  수동 조치(기본 제공 ODBC 드라이버 명세 분석 및 불필요 항목 제거 수동 점검)
[11:46:22] ✅  [W-36]  양호
[11:46:22] ⚠️  [W-37]  수동 조치(작업 스케줄러 라이브러리의 인가되지 않은 타사 프로그램 자동 실행 수동 점검)
[11:46:22] ⚠️  [W-38]  수동 조치(패치 존재 여부만으로 최신성 판정 불가. 패치 주기·절차·설치 목록 검토.)
[11:46:22] ⚠️  [W-39]  수동 조치(백신 프로그램 최신 바이러스 서명 데이터 업데이트 주기 수동 검증)
[11:46:23] ❌  [W-40]  취약
[11:46:23] ⚠️  [W-41]  수동 조치(서비스 실행뿐 아니라 실제 시간 원본 및 동기화 성공 여부 확인.)
[11:46:23] ⚠️  [W-42]  수동 조치(이벤트 로그 크기 및 덮어쓰기 정책 수동 점검)
[11:46:23] ⚠️  [W-43]  수동 조치(이벤트 로그 저장 경로 파일(System32\winevt\Logs) 권한 상속 제어 점검)
[11:46:23] ✅  [W-44]  양호
[11:46:23] ⚠️  [W-45]  수동 조치(안전한 상용 또는 윈도우 빌트인 백신 백그라운드 엔진 동작 수동 점검)
[11:46:23] ⚠️  [W-46]  수동 조치(SAM 파일 ACL의 Administrators/SYSTEM 권한 확인. NoLMHash와 다른 항목.)
[11:46:23] ✅  [W-47]  양호
[11:46:23] ❌  [W-48]  취약
[11:46:23] ⚠️  [W-49]  수동 조치(로컬 보안 정책의 '원격 시스템에서 강제로 시스템 종료' 사용자 권한 할당 검증)
[11:46:23] ✅  [W-50]  양호
[11:46:24] ❌  [W-51]  취약
[11:46:24] ❌  [W-52]  취약
[11:46:24] ✅  [W-53]  양호
[11:46:24] ⚠️  [W-54]  수동 조치(구형 OS용 DoS 레지스트리 4개 및 OS 적용 가능성 검토. 최신 OS 일괄 적용 금지.)
[11:46:24] ❌  [W-55]  취약
[11:46:24] ✅  [W-56]  양호
[11:46:24] ❌  [W-57_Caption]  취약
[11:46:24] ❌  [W-57_Text]  취약
[11:46:24] ⚠️  [W-58]  수동 조치(사용자 홈 디렉터리의 쓰기/수정 권한 제한 상태 수동 진단)
[11:46:24] ✅  [W-59]  양호
[11:46:24] ⚠️  [W-60]  수동 조치(도메인 구성원 여부 및 보안 채널 암호화·서명 3개 정책 모두 확인.)
[11:46:24] ✅  [W-61]  양호
[11:46:24] ⚠️  [W-62]  수동 조치(비정상 등록 시작프로그램 및 의심 서비스 수동 점검)
[11:46:25] ⚠️  [W-63]  수동 조치(도메인 Kerberos 시계 허용 오차 5분 이하 확인. W32Time 실행 여부와 다른 항목.)
[11:46:25] ❌  [W-64]  오류
[11:46:25] 
✅ 스캔 완료 – 취약: 7개 / 전체: 65개
[11:46:54] ✅ 정책 파일 65개 로드 완료 (C:\Users\new-s\AppData\Local\Temp\_MEI000038402\config\policies)
[11:46:54] 📘 KISA 가이드(Model.pdf 기준) 64개 항목 로드 완료
[11:46:56] ━━━━━━━━━━━━━━━━━━━━━━━━━━━━━━━━━━━━━━━━━━━━━━━━━━━━━━━
[11:46:56]   🔍 전체 취약점 스캔 시작...
[11:46:56] ━━━━━━━━━━━━━━━━━━━━━━━━━━━━━━━━━━━━━━━━━━━━━━━━━━━━━━━
[11:47:01] ⚠️  [W-01]  수동 조치(기본 이름 변경 또는 강력한 암호 중 하나로 충족 가능. 계정 의존 서비스 확인 후 수동 판단.)
[11:47:01] ✅  [W-02]  양호
[11:47:01] ⚠️  [W-03]  수동 조치(기본 계정 이외의 비활성 사용자 계정 수동 진단 및 삭제)
[11:47:01] ❌  [W-04]  취약
[11:47:01] ✅  [W-05]  양호
[11:47:01] ⚠️  [W-06]  수동 조치(관리자 수만으로 불필요한 계정 여부를 판단할 수 없음. 계정별 업무 필요성 확인.)
[11:47:01] ✅  [W-07]  양호
[11:47:01] ❌  [W-08]  취약
[11:47:01] ❌  [W-09]  취약
[11:47:01] ❌  [W-10]  취약
[11:47:02] ⚠️  [W-11]  수동 조치(로컬 로그온을 허용하는 권한의 할당 리스트 수동 점검)
[11:47:02] ✅  [W-12]  양호
[11:47:02] ✅  [W-13]  양호
[11:47:02] ⚠️  [W-14]  수동 조치(원격 데스크톱(Remote Desktop Users) 그룹 사용 권한 수동 점검)
[11:47:02] ✅  [W-15]  양호
[11:47:02] ⚠️  [W-16]  수동 조치(Everyone 권한으로 개방된 중요 공유 디렉터리 접근 수동 제한)
[11:47:02] ⚠️  [W-17]  수동 조치(AutoShareServer/AutoShareWks 및 실제 기본 공유를 함께 확인. AD·백업·배포 도구 영향 검토.)
[11:47:02] ⚠️  [W-18]  수동 조치(불필요하거나 보안위협이 있는 기본 백그라운드 서비스 동작 수동 검증)
[11:47:02] ⚠️  [W-19]  수동 조치(업무에 필요한 IIS는 가이드상 허용. 사용 목적 확인 후 불필요한 경우에만 중지.)
[11:47:02] ⚠️  [W-20]  수동 조치(물리·가상 NIC별 NetBIOS 바인딩과 업무 의존성을 확인. 일괄 NIC 변경 금지.)
[11:47:02] ⚠️  [W-21]  수동 조치(FTP 사용 여부와 암호화 설정 확인. FTPSVC/MSFTPSVC 구분 및 업무 영향 검토.)
[11:47:03] ⚠️  [W-22]  수동 조치(FTP 홈 디렉터리 ACL을 직접 확인. 서비스 상태만으로 판정 불가.)
[11:47:03] ⚠️  [W-23]  수동 조치(익명 공유와 애플리케이션 의존성을 함께 확인.)
[11:47:03] ⚠️  [W-24]  수동 조치(FTP 접근 IP 및 사용자 접근 제어 확인.)
[11:47:03] ⚠️  [W-25]  수동 조치(DNS 영역별 전송 허용 서버 확인.)
[11:47:03] ⚠️  [W-26]  수동 조치(IIS RDS 구성 및 사용 여부 확인.)
[11:47:03] ⚠️  [W-27]  수동 조치(OS 제품·지원 버전별 최신 빌드 및 패치 절차 확인.)
[11:47:03] ✅  [W-28]  양호
[11:47:03] ⚠️  [W-29]  수동 조치(SNMP 필요성과 Community 설정 확인. 모니터링 중단 영향 검토.)
[11:47:03] ⚠️  [W-30]  수동 조치(SNMP Community를 장비 및 관제 서버와 함께 검토.)
[11:47:03] ⚠️  [W-31]  수동 조치(SNMP 허용 호스트 검토.)
[11:47:03] ⚠️  [W-32]  수동 조치(DNS 영역별 동적 업데이트 설정 검토.)
[11:47:04] ⚠️  [W-33]  수동 조치(HTTP/FTP/SMTP 실제 응답 배너 확인.)
[11:47:04] ⚠️  [W-34]  수동 조치(Telnet 미사용 또는 NTLM 인증 여부 확인. 업무 연계 확인 후 중지.)
[11:47:04] ⚠️  [W-35]  수동 조치(기본 제공 ODBC 드라이버 명세 분석 및 불필요 항목 제거 수동 점검)
[11:47:04] ✅  [W-36]  양호
[11:47:04] ⚠️  [W-37]  수동 조치(작업 스케줄러 라이브러리의 인가되지 않은 타사 프로그램 자동 실행 수동 점검)
[11:47:04] ⚠️  [W-38]  수동 조치(패치 존재 여부만으로 최신성 판정 불가. 패치 주기·절차·설치 목록 검토.)
[11:47:04] ⚠️  [W-39]  수동 조치(백신 프로그램 최신 바이러스 서명 데이터 업데이트 주기 수동 검증)
[11:47:04] ❌  [W-40]  취약
[11:47:04] ⚠️  [W-41]  수동 조치(서비스 실행뿐 아니라 실제 시간 원본 및 동기화 성공 여부 확인.)
[11:47:04] ⚠️  [W-42]  수동 조치(이벤트 로그 크기 및 덮어쓰기 정책 수동 점검)
[11:47:04] ⚠️  [W-43]  수동 조치(이벤트 로그 저장 경로 파일(System32\winevt\Logs) 권한 상속 제어 점검)
[11:47:05] ✅  [W-44]  양호
[11:47:05] ⚠️  [W-45]  수동 조치(안전한 상용 또는 윈도우 빌트인 백신 백그라운드 엔진 동작 수동 점검)
[11:47:05] ⚠️  [W-46]  수동 조치(SAM 파일 ACL의 Administrators/SYSTEM 권한 확인. NoLMHash와 다른 항목.)
[11:47:05] ✅  [W-47]  양호
[11:47:05] ❌  [W-48]  취약
[11:47:05] ⚠️  [W-49]  수동 조치(로컬 보안 정책의 '원격 시스템에서 강제로 시스템 종료' 사용자 권한 할당 검증)
[11:47:05] ✅  [W-50]  양호
[11:47:05] ❌  [W-51]  취약
[11:47:05] ❌  [W-52]  취약
[11:47:05] ✅  [W-53]  양호
[11:47:06] ⚠️  [W-54]  수동 조치(구형 OS용 DoS 레지스트리 4개 및 OS 적용 가능성 검토. 최신 OS 일괄 적용 금지.)
[11:47:06] ❌  [W-55]  취약
[11:47:06] ✅  [W-56]  양호
[11:47:06] ❌  [W-57_Caption]  취약
[11:47:06] ❌  [W-57_Text]  취약
[11:47:06] ⚠️  [W-58]  수동 조치(사용자 홈 디렉터리의 쓰기/수정 권한 제한 상태 수동 진단)
[11:47:06] ✅  [W-59]  양호
[11:47:06] ⚠️  [W-60]  수동 조치(도메인 구성원 여부 및 보안 채널 암호화·서명 3개 정책 모두 확인.)
[11:47:06] ✅  [W-61]  양호
[11:47:06] ⚠️  [W-62]  수동 조치(비정상 등록 시작프로그램 및 의심 서비스 수동 점검)
[11:47:06] ⚠️  [W-63]  수동 조치(도메인 Kerberos 시계 허용 오차 5분 이하 확인. W32Time 실행 여부와 다른 항목.)
[11:47:06] ❌  [W-64]  오류
[11:47:07] 
✅ 스캔 완료 – 취약: 11개 / 전체: 65개
