[17:41:43] ━━━━━━━━━━━━━━━━━━━━━━━━━━━━━━━━━━━━━━━━━━━━━━━━━━━━━━━
[17:41:44] 
🔷 [W-01]  Administrator 계정 이름 변경 등 보안성 강화
[17:41:44]   → 조치 불필요 (양호)
[17:41:44]   📷 증빙 화면 캡처 대기 중...
[17:41:44]   [실행] secpol.msc 프로그램 로드 시도 중...
[17:41:45]     -> MMC 윈도우 감지 성공 (Name: 로컬 보안 정책). 우측 정렬 수행.
[17:41:46]   [진행] MSC 트리 탐색 개시. 경로 깊이: 3, 타겟 아이템: ['계정: Administrator 계정 이름 바꾸기', 'Accounts: Rename administrator account']
[17:41:47]   [확인] MMC 창 발견 (Name: 로컬 보안 정책, Class: MMCMainFrame)
[17:41:47]   [진행] 트리뷰 탐색 진행 중...
[17:41:47]     - 트리 1단계 진입 타겟 후보: ['보안 설정', 'Security Settings']
[17:41:47]       => 1단계 깊이에서 노드 '보안 설정' 매칭 성공.
[17:41:48]     - 트리 2단계 진입 타겟 후보: ['로컬 정책', 'Local Policies']
[17:41:48]       => 1단계 깊이에서 노드 '로컬 정책' 매칭 성공.
[17:41:50]     - 트리 3단계 진입 타겟 후보: ['보안 옵션', 'Security Options']
[17:41:50]       => 1단계 깊이에서 노드 '보안 옵션' 매칭 성공.
[17:41:52]   [진행] 우측 목록 패널에서 순차 방향키 탐색 개시...
[17:41:56]     => 매칭 타겟 발견! 단계 17: '계정: Administrator 계정 이름 바꾸기' (검색명: '계정: Administrator 계정 이름 바꾸기')
[17:41:59]     -> 세부 속성 대화상자(팝업) 감지 성공 (Name: 계정: Administrator 계정 이름 바꾸기 속성). 포커스 획득.
[17:42:01]   [캡처] 활성화된 속성 다이얼로그(계정: Administrator 계정 이름 바꾸기 속성) 영역 캡처 진행.
[17:42:01]   📷 증빙 캡처 완료: C:\Users\new-s\Desktop\KISA-main\Security Project - 복사본\KISA-AutoPatcher-Python\dist\evidence\W-01.png
[17:42:01] 증빙 확인 후 열린 관리 창을 직접 닫아주세요.
