[17:42:01] 
🔷 [W-02]  Guest 계정 비활성화
[17:42:01]   → 조치 불필요 (양호)
[17:42:01]   📷 증빙 화면 캡처 대기 중...
[17:42:01]   [실행] secpol.msc 프로그램 로드 시도 중...
[17:42:03]     -> MMC 윈도우 감지 성공 (Name: 로컬 보안 정책). 우측 정렬 수행.
[17:42:04]   [진행] MSC 트리 탐색 개시. 경로 깊이: 3, 타겟 아이템: ['계정: Administrator 계정 상태', 'Accounts: Administrator account status']
[17:42:05]   [확인] MMC 창 발견 (Name: 로컬 보안 정책, Class: MMCMainFrame)
[17:42:05]   [진행] 트리뷰 탐색 진행 중...
[17:42:05]     - 트리 1단계 진입 타겟 후보: ['보안 설정', 'Security Settings']
[17:42:05]       => 1단계 깊이에서 노드 '보안 설정' 매칭 성공.
[17:42:06]     - 트리 2단계 진입 타겟 후보: ['로컬 정책', 'Local Policies']
[17:42:06]       => 1단계 깊이에서 노드 '로컬 정책' 매칭 성공.
[17:42:07]     - 트리 3단계 진입 타겟 후보: ['보안 옵션', 'Security Options']
[17:42:07]       => 1단계 깊이에서 노드 '보안 옵션' 매칭 성공.
[17:42:10]   [진행] 우측 목록 패널에서 순차 방향키 탐색 개시...
[17:42:14]     => 매칭 타겟 발견! 단계 16: '계정: Administrator 계정 상태' (검색명: '계정: Administrator 계정 상태')
[17:42:16]     -> 세부 속성 대화상자(팝업) 감지 성공 (Name: 계정: Administrator 계정 상태 속성). 포커스 획득.
[17:42:19]   [캡처] 활성화된 속성 다이얼로그(계정: Administrator 계정 상태 속성) 영역 캡처 진행.
[17:42:19]   📷 증빙 캡처 완료: C:\Users\new-s\Desktop\KISA-main\Security Project - 복사본\KISA-AutoPatcher-Python\dist\evidence\W-02.png
[17:42:19] 증빙 확인 후 열린 관리 창을 직접 닫아주세요.
