[16:25:24] 
🔷 [W-04]  계정 잠금 임계값 설정
[16:25:24]   → 조치 불필요 (양호)
[16:25:24]   📷 증빙 화면 캡처 대기 중...
[16:25:24]   [실행] secpol.msc 프로그램 로드 시도 중...
[16:25:26]     -> MMC 윈도우 감지 성공 (Name: 로컬 보안 정책). 우측 정렬 수행.
[16:25:26]   [진행] MSC 트리 탐색 개시. 경로 깊이: 3, 타겟 아이템: ['계정 잠금 임계값', 'Account lockout threshold']
[16:25:27]   [확인] MMC 창 발견 (Name: 로컬 보안 정책, Class: MMCMainFrame)
[16:25:27]   [진행] 트리뷰 탐색 진행 중...
[16:25:27]     - 트리 1단계 진입 타겟 후보: ['보안 설정', 'Security Settings']
[16:25:27]       => 1단계 깊이에서 노드 '보안 설정' 매칭 성공.
[16:25:29]     - 트리 2단계 진입 타겟 후보: ['계정 정책', 'Account Policies']
[16:25:29]       => 1단계 깊이에서 노드 '계정 정책' 매칭 성공.
[16:25:30]     - 트리 3단계 진입 타겟 후보: ['계정 잠금 정책', 'Account Lockout Policy']
[16:25:30]       => 1단계 깊이에서 노드 '계정 잠금 정책' 매칭 성공.
[16:25:33]   [진행] 우측 목록 패널에서 순차 방향키 탐색 개시...
[16:25:35]     => 매칭 타겟 발견! 단계 2: '계정 잠금 임계값' (검색명: '계정 잠금 임계값')
[16:25:37]     -> 세부 속성 대화상자(팝업) 감지 성공 (Name: 계정 잠금 임계값 속성). 포커스 획득.
[16:25:40]   ⏳ 설정 대화상자 조작 대기 (사용자 캡처 확인 대기 중)...
[16:25:43]   [캡처] 활성화된 속성 다이얼로그(계정 잠금 임계값 속성) 영역 캡처 진행.
[16:25:43]   📷 증빙 캡처 완료: C:\Users\new-s\Desktop\Security Project\KISA-AutoPatcher-Python\dist\evidence\W-04.png
