[17:42:47] 
🔷 [W-05]  해독 가능한 암호화를 사용하여 암호 저장 해제
[17:42:47]   → 조치 불필요 (양호)
[17:42:47]   📷 증빙 화면 캡처 대기 중...
[17:42:47]   [실행] secpol.msc 프로그램 로드 시도 중...
[17:42:49]     -> MMC 윈도우 감지 성공 (Name: 로컬 보안 정책). 우측 정렬 수행.
[17:42:49]   [진행] MSC 트리 탐색 개시. 경로 깊이: 3, 타겟 아이템: ['해독 가능한 암호화를 사용하여 암호 저장', 'Store passwords using reversible encryption']
[17:42:50]   [확인] MMC 창 발견 (Name: 로컬 보안 정책, Class: MMCMainFrame)
[17:42:50]   [진행] 트리뷰 탐색 진행 중...
[17:42:50]     - 트리 1단계 진입 타겟 후보: ['보안 설정', 'Security Settings']
[17:42:50]       => 1단계 깊이에서 노드 '보안 설정' 매칭 성공.
[17:42:52]     - 트리 2단계 진입 타겟 후보: ['계정 정책', 'Account Policies']
[17:42:52]       => 1단계 깊이에서 노드 '계정 정책' 매칭 성공.
[17:42:53]     - 트리 3단계 진입 타겟 후보: ['암호 정책', 'Password Policy']
[17:42:53]       => 1단계 깊이에서 노드 '암호 정책' 매칭 성공.
[17:42:55]   [진행] 우측 목록 패널에서 순차 방향키 탐색 개시...
[17:42:58]     => 매칭 타겟 발견! 단계 8: '해독 가능한 암호화를 사용하여 암호 저장' (검색명: '해독 가능한 암호화를 사용하여 암호 저장')
[17:43:01]     -> 세부 속성 대화상자(팝업) 감지 성공 (Name: 해독 가능한 암호화를 사용하여 암호 저장 속성). 포커스 획득.
[17:43:03]   [캡처] 활성화된 속성 다이얼로그(해독 가능한 암호화를 사용하여 암호 저장 속성) 영역 캡처 진행.
[17:43:03]   📷 증빙 캡처 완료: C:\Users\new-s\Desktop\KISA-main\Security Project - 복사본\KISA-AutoPatcher-Python\dist\evidence\W-05.png
[17:43:03] 증빙 확인 후 열린 관리 창을 직접 닫아주세요.
