[17:43:18] 
🔷 [W-07]  Everyone 사용 권한을 익명 사용자에게 적용
[17:43:18]   → 조치 불필요 (양호)
[17:43:18]   📷 증빙 화면 캡처 대기 중...
[17:43:18]   [실행] secpol.msc 프로그램 로드 시도 중...
[17:43:20]     -> MMC 윈도우 감지 성공 (Name: 로컬 보안 정책). 우측 정렬 수행.
[17:43:21]   [진행] MSC 트리 탐색 개시. 경로 깊이: 3, 타겟 아이템: ['네트워크 액세스: Everyone 사용 권한을 익명 사용자에게 적용', 'Network access: Let Everyone permissions apply to anonymous users']
[17:43:22]   [확인] MMC 창 발견 (Name: 로컬 보안 정책, Class: MMCMainFrame)
[17:43:22]   [진행] 트리뷰 탐색 진행 중...
[17:43:22]     - 트리 1단계 진입 타겟 후보: ['보안 설정', 'Security Settings']
[17:43:22]       => 1단계 깊이에서 노드 '보안 설정' 매칭 성공.
[17:43:23]     - 트리 2단계 진입 타겟 후보: ['로컬 정책', 'Local Policies']
[17:43:23]       => 1단계 깊이에서 노드 '로컬 정책' 매칭 성공.
[17:43:24]     - 트리 3단계 진입 타겟 후보: ['보안 옵션', 'Security Options']
[17:43:24]       => 1단계 깊이에서 노드 '보안 옵션' 매칭 성공.
[17:43:27]   [진행] 우측 목록 패널에서 순차 방향키 탐색 개시...
[17:43:33]     => 매칭 타겟 발견! 단계 39: '네트워크 액세스: Everyone 사용 권한을 익명 사용자에게 적용' (검색명: '네트워크 액세스: Everyone 사용 권한을 익명 사용자에게 적용')
[17:43:36]     -> 세부 속성 대화상자(팝업) 감지 성공 (Name: 네트워크 액세스: Everyone 사용 권한을 익명 사용자에게 적용 속성). 포커스 획득.
[17:43:38]   [캡처] 활성화된 속성 다이얼로그(네트워크 액세스: Everyone 사용 권한을 익명 사용자에게 적용 속성) 영역 캡처 진행.
[17:43:38]   📷 증빙 캡처 완료: C:\Users\new-s\Desktop\KISA-main\Security Project - 복사본\KISA-AutoPatcher-Python\dist\evidence\W-07.png
[17:43:38] 증빙 확인 후 열린 관리 창을 직접 닫아주세요.
