[17:43:38] 
🔷 [W-08]  계정 잠금 기간 설정
[17:43:38]   → 조치 불필요 (양호)
[17:43:38]   📷 증빙 화면 캡처 대기 중...
[17:43:38]   [실행] secpol.msc 프로그램 로드 시도 중...
[17:43:40]     -> MMC 윈도우 감지 성공 (Name: 로컬 보안 정책). 우측 정렬 수행.
[17:43:41]   [진행] MSC 트리 탐색 개시. 경로 깊이: 3, 타겟 아이템: ['계정 잠금 기간', 'Account lockout duration']
[17:43:41]   [확인] MMC 창 발견 (Name: 로컬 보안 정책, Class: MMCMainFrame)
[17:43:42]   [진행] 트리뷰 탐색 진행 중...
[17:43:42]     - 트리 1단계 진입 타겟 후보: ['보안 설정', 'Security Settings']
[17:43:42]       => 1단계 깊이에서 노드 '보안 설정' 매칭 성공.
[17:43:43]     - 트리 2단계 진입 타겟 후보: ['계정 정책', 'Account Policies']
[17:43:43]       => 1단계 깊이에서 노드 '계정 정책' 매칭 성공.
[17:43:44]     - 트리 3단계 진입 타겟 후보: ['계정 잠금 정책', 'Account Lockout Policy']
[17:43:44]       => 1단계 깊이에서 노드 '계정 잠금 정책' 매칭 성공.
[17:43:47]   [진행] 우측 목록 패널에서 순차 방향키 탐색 개시...
[17:43:49]     => 매칭 타겟 발견! 단계 1: '계정 잠금 기간' (검색명: '계정 잠금 기간')
[17:43:51]     -> 세부 속성 대화상자(팝업) 감지 성공 (Name: 계정 잠금 기간 속성). 포커스 획득.
[17:43:54]   [캡처] 활성화된 속성 다이얼로그(계정 잠금 기간 속성) 영역 캡처 진행.
[17:43:54]   📷 증빙 캡처 완료: C:\Users\new-s\Desktop\KISA-main\Security Project - 복사본\KISA-AutoPatcher-Python\dist\evidence\W-08.png
[17:43:54] 증빙 확인 후 열린 관리 창을 직접 닫아주세요.
