[16:27:59] 
🔷 [W-09]  비밀번호 관리정책 설정
[16:27:59]   → 조치 불필요 (양호)
[16:27:59]   📷 증빙 화면 캡처 대기 중...
[16:27:59]   [실행] secpol.msc 프로그램 로드 시도 중...
[16:28:01]     -> MMC 윈도우 감지 성공 (Name: 로컬 보안 정책). 우측 정렬 수행.
[16:28:01]   [진행] MSC 트리 탐색 개시. 경로 깊이: 3, 타겟 아이템: ['암호는 복잡성 요구 사항을 만족해야 함', 'Password must meet complexity requirements']
[16:28:02]   [확인] MMC 창 발견 (Name: 로컬 보안 정책, Class: MMCMainFrame)
[16:28:02]   [진행] 트리뷰 탐색 진행 중...
[16:28:02]     - 트리 1단계 진입 타겟 후보: ['보안 설정', 'Security Settings']
[16:28:02]       => 1단계 깊이에서 노드 '보안 설정' 매칭 성공.
[16:28:04]     - 트리 2단계 진입 타겟 후보: ['계정 정책', 'Account Policies']
[16:28:04]       => 1단계 깊이에서 노드 '계정 정책' 매칭 성공.
[16:28:05]     - 트리 3단계 진입 타겟 후보: ['암호 정책', 'Password Policy']
[16:28:05]       => 1단계 깊이에서 노드 '암호 정책' 매칭 성공.
[16:28:08]   [진행] 우측 목록 패널에서 순차 방향키 탐색 개시...
[16:28:11]     -> 리스트 바닥 도달. 탐색 종료.
[16:28:11]   [오류] 키보드 순차 탐색 결과 대조 대상을 발견하지 못했습니다.
[16:28:13]   ⏳ 설정 대화상자 조작 대기 (사용자 캡처 확인 대기 중)...
[16:28:33]   [캡처] 메인 설정 윈도우 영역 캡처 진행.
[16:28:33]   📷 증빙 캡처 완료: C:\Users\new-s\Desktop\Security Project\KISA-AutoPatcher-Python\dist\evidence\W-09.png
