[16:29:55] 
🔷 [W-12]  익명 SID/이름 변환 허용 해제
[16:29:55]   → 조치 불필요 (양호)
[16:29:55]   📷 증빙 화면 캡처 대기 중...
[16:29:55]   [실행] secpol.msc 프로그램 로드 시도 중...
[16:29:57]     -> MMC 윈도우 감지 성공 (Name: 로컬 보안 정책). 우측 정렬 수행.
[16:29:58]   [진행] MSC 트리 탐색 개시. 경로 깊이: 3, 타겟 아이템: ['네트워크 액세스: 익명 SID/이름 변환 허용', 'Network access: Allow anonymous SID/Name translation']
[16:29:59]   [확인] MMC 창 발견 (Name: 로컬 보안 정책, Class: MMCMainFrame)
[16:29:59]   [진행] 트리뷰 탐색 진행 중...
[16:29:59]     - 트리 1단계 진입 타겟 후보: ['보안 설정', 'Security Settings']
[16:29:59]       => 1단계 깊이에서 노드 '보안 설정' 매칭 성공.
[16:30:00]     - 트리 2단계 진입 타겟 후보: ['로컬 정책', 'Local Policies']
[16:30:00]       => 1단계 깊이에서 노드 '로컬 정책' 매칭 성공.
[16:30:01]     - 트리 3단계 진입 타겟 후보: ['보안 옵션', 'Security Options']
[16:30:01]       => 1단계 깊이에서 노드 '보안 옵션' 매칭 성공.
[16:30:04]   [진행] 우측 목록 패널에서 순차 방향키 탐색 개시...
[16:30:12]     => 매칭 타겟 발견! 단계 48: '네트워크 액세스: 익명 SID/이름 변환 허용' (검색명: '네트워크 액세스: 익명 SID/이름 변환 허용')
[16:30:14]     -> 세부 속성 대화상자(팝업) 감지 성공 (Name: 네트워크 액세스: 익명 SID/이름 변환 허용 속성). 포커스 획득.
[16:30:16]   ⏳ 설정 대화상자 조작 대기 (사용자 캡처 확인 대기 중)...
[16:30:18]   [캡처] 활성화된 속성 다이얼로그(네트워크 액세스: 익명 SID/이름 변환 허용 속성) 영역 캡처 진행.
[16:30:18]   📷 증빙 캡처 완료: C:\Users\new-s\Desktop\Security Project\KISA-AutoPatcher-Python\dist\evidence\W-12.png
