[16:30:20] 
🔷 [W-13]  콘솔 로그온 시 로컬 계정에서 빈 암호 사용 제한
[16:30:20]   → 조치 불필요 (양호)
[16:30:20]   📷 증빙 화면 캡처 대기 중...
[16:30:20]   [실행] secpol.msc 프로그램 로드 시도 중...
[16:30:21]     -> MMC 윈도우 감지 성공 (Name: 로컬 보안 정책). 우측 정렬 수행.
[16:30:22]   [진행] MSC 트리 탐색 개시. 경로 깊이: 3, 타겟 아이템: ['계정: 콘솔 로그온 시 로컬 계정에서 빈 암호 사용 제한', 'Accounts: Limit local account use of blank passwords to console logon only']
[16:30:23]   [확인] MMC 창 발견 (Name: 로컬 보안 정책, Class: MMCMainFrame)
[16:30:23]   [진행] 트리뷰 탐색 진행 중...
[16:30:23]     - 트리 1단계 진입 타겟 후보: ['보안 설정', 'Security Settings']
[16:30:23]       => 1단계 깊이에서 노드 '보안 설정' 매칭 성공.
[16:30:25]     - 트리 2단계 진입 타겟 후보: ['로컬 정책', 'Local Policies']
[16:30:25]       => 1단계 깊이에서 노드 '로컬 정책' 매칭 성공.
[16:30:26]     - 트리 3단계 진입 타겟 후보: ['보안 옵션', 'Security Options']
[16:30:26]       => 1단계 깊이에서 노드 '보안 옵션' 매칭 성공.
[16:30:28]   [진행] 우측 목록 패널에서 순차 방향키 탐색 개시...
[16:30:33]     => 매칭 타겟 발견! 단계 21: '계정: 콘솔 로그온 시 로컬 계정에서 빈 암호 사용 제한' (검색명: '계정: 콘솔 로그온 시 로컬 계정에서 빈 암호 사용 제한')
[16:30:36]     -> 세부 속성 대화상자(팝업) 감지 성공 (Name: 계정: 콘솔 로그온 시 로컬 계정에서 빈 암호 사용 제한 속성). 포커스 획득.
[16:30:38]   ⏳ 설정 대화상자 조작 대기 (사용자 캡처 확인 대기 중)...
[16:31:10]   [캡처] 활성화된 속성 다이얼로그(계정: 콘솔 로그온 시 로컬 계정에서 빈 암호 사용 제한 속성) 영역 캡처 진행.
[16:31:10]   📷 증빙 캡처 완료: C:\Users\new-s\Desktop\Security Project\KISA-AutoPatcher-Python\dist\evidence\W-13.png
