[17:45:42] 
🔷 [W-15]  사용자 개인키 사용 시 암호 입력
[17:45:42]   → 조치 불필요 (양호)
[17:45:42]   📷 증빙 화면 캡처 대기 중...
[17:45:42]   [실행] secpol.msc 프로그램 로드 시도 중...
[17:45:44]     -> MMC 윈도우 감지 성공 (Name: 로컬 보안 정책). 우측 정렬 수행.
[17:45:44]   [진행] MSC 트리 탐색 개시. 경로 깊이: 3, 타겟 아이템: ['시스템 암호화: 사용자 개인 키의 강력한 보호 요구', 'System cryptography: Force strong key protection for user private keys']
[17:45:45]   [확인] MMC 창 발견 (Name: 로컬 보안 정책, Class: MMCMainFrame)
[17:45:45]   [진행] 트리뷰 탐색 진행 중...
[17:45:45]     - 트리 1단계 진입 타겟 후보: ['보안 설정', 'Security Settings']
[17:45:45]       => 1단계 깊이에서 노드 '보안 설정' 매칭 성공.
[17:45:47]     - 트리 2단계 진입 타겟 후보: ['로컬 정책', 'Local Policies']
[17:45:47]       => 1단계 깊이에서 노드 '로컬 정책' 매칭 성공.
[17:45:48]     - 트리 3단계 진입 타겟 후보: ['보안 옵션', 'Security Options']
[17:45:48]       => 1단계 깊이에서 노드 '보안 옵션' 매칭 성공.
[17:45:50]   [진행] 우측 목록 패널에서 순차 방향키 탐색 개시...
[17:46:04]     -> 리스트 바닥 도달. 탐색 종료.
[17:46:04]   [오류] 키보드 순차 탐색 결과 대조 대상을 발견하지 못했습니다.
[17:46:06]   [캡처] 활성화된 속성 다이얼로그(Remote Desktop Users 속성) 영역 캡처 진행.
[17:46:06]   📷 증빙 캡처 완료: C:\Users\new-s\Desktop\KISA-main\Security Project - 복사본\KISA-AutoPatcher-Python\dist\evidence\W-15.png
[17:46:06] 증빙 확인 후 열린 관리 창을 직접 닫아주세요.
