[16:33:53] 
🔷 [W-16]  공유 권한 및 사용자 그룹 설정
[16:33:53]   → 조치 불필요 (수동 조치(Everyone 권한으로 개방된 중요 공유 디렉터리 접근 수동 제한))
[16:33:53]   📷 증빙 화면 캡처 대기 중...
[16:33:53]   📢 [W-16] 수동 조치 가이드 팝업을 표시합니다.
[16:33:53]   [실행] fsmgmt.msc 프로그램 로드 시도 중...
[16:33:55]     -> MMC 윈도우 감지 성공 (Name: 공유 폴더). 우측 정렬 수행.
[16:33:56]   [진행] MSC 트리 탐색 개시. 경로 깊이: 2, 타겟 아이템: ['공유', 'Shares']
[16:33:57]   [확인] MMC 창 발견 (Name: 공유 폴더, Class: MMCMainFrame)
[16:33:57]   [진행] 트리뷰 탐색 진행 중...
[16:33:57]     - 트리 1단계 진입 타겟 후보: ['공유 폴더(로컬)', 'Shared Folders (Local)']
[16:33:57]       => 1단계 깊이에서 노드 '공유 폴더(로컬)' 매칭 성공.
[16:33:58]     - 트리 2단계 진입 타겟 후보: ['공유', 'Shares']
[16:33:58]       => 1단계 깊이에서 노드 '공유' 매칭 성공.
[16:34:01]   [진행] 우측 목록 패널에서 순차 방향키 탐색 개시...
[16:34:04]     -> 리스트 바닥 도달. 탐색 종료.
[16:34:04]   [오류] 키보드 순차 탐색 결과 대조 대상을 발견하지 못했습니다.
[16:34:05]   ⏳ 설정 대화상자 조작 대기 (사용자 캡처 확인 대기 중)...
[16:34:27]   [캡처] 메인 설정 윈도우 영역 캡처 진행.
[16:34:27]   📷 증빙 캡처 완료: C:\Users\new-s\Desktop\Security Project\KISA-AutoPatcher-Python\dist\evidence\W-16.png
