[17:46:24] 
🔷 [W-20]  NetBIOS 바인딩 서비스 구동 점검
[17:46:24]   → 조치 불필요 (오류)
[17:46:24]   📷 증빙 화면 캡처 대기 중...
[17:46:24]   [실행] ncpa.cpl 프로그램 로드 시도 중...
[17:46:26]     -> 제어판/다이얼로그 창 감지 성공 (Name: 네트워크 연결). 우측 정렬 수행.
[17:46:27]   [진행] TCP/IPv4 WINS 탭 네이티브 탐색 개시...
[17:46:27]     -> 네트워크 연결 창 감지 성공. 활성 연결 탐색...
[17:46:30]     => 활성 속성 대화상자('Remote Desktop Users 속성')를 감지했습니다. 바로 다음 단계로 진입합니다.
[17:46:30]     -> 네트워크 속성창 진입 성공. TCP/IPv4 프로토콜 탐색...
[17:46:32]   [오류] TCP/IPv4 프로토콜 항목을 찾지 못했습니다.
[17:46:34]   [캡처] 활성화된 속성 다이얼로그(Remote Desktop Users 속성) 영역 캡처 진행.
[17:46:34]   📷 증빙 캡처 완료: C:\Users\new-s\Desktop\KISA-main\Security Project - 복사본\KISA-AutoPatcher-Python\dist\evidence\W-20.png
[17:46:34] 증빙 확인 후 열린 관리 창을 직접 닫아주세요.
[17:46:34] 
🔷 [W-21]  암호화되지 않는 FTP 서비스 비활성화
[17:46:34]   → 서비스 미사용 설정(IIS/DNS/SNMP/Telnet)에 의해 보안 조치 및 증빙 수집 생략
[17:46:34] 
🔷 [W-22]  FTP 디렉토리 접근권한 설정
[17:46:34]   → 서비스 미사용 설정(IIS/DNS/SNMP/Telnet)에 의해 보안 조치 및 증빙 수집 생략
