[17:46:34] 
🔷 [W-23]  공유 서비스에 대한 익명 접근 제한 설정
[17:46:34]   → 조치 불필요 (양호)
[17:46:34]   📷 증빙 화면 캡처 대기 중...
[17:46:34]   [실행] secpol.msc 프로그램 로드 시도 중...
[17:46:36]     -> MMC 윈도우 감지 성공 (Name: 로컬 보안 정책). 우측 정렬 수행.
[17:46:36]   [진행] MSC 트리 탐색 개시. 경로 깊이: 3, 타겟 아이템: ['네트워크 액세스: 익명으로 액세스할 수 있는 공유', 'Network access: Shares that can be accessed anonymously']
[17:46:37]   [확인] MMC 창 발견 (Name: 로컬 보안 정책, Class: MMCMainFrame)
[17:46:37]   [진행] 트리뷰 탐색 진행 중...
[17:46:37]     - 트리 1단계 진입 타겟 후보: ['보안 설정', 'Security Settings']
[17:46:37]       => 1단계 깊이에서 노드 '보안 설정' 매칭 성공.
[17:46:39]     - 트리 2단계 진입 타겟 후보: ['로컬 정책', 'Local Policies']
[17:46:39]       => 1단계 깊이에서 노드 '로컬 정책' 매칭 성공.
[17:46:40]     - 트리 3단계 진입 타겟 후보: ['보안 옵션', 'Security Options']
[17:46:40]       => 1단계 깊이에서 노드 '보안 옵션' 매칭 성공.
[17:46:42]   [진행] 우측 목록 패널에서 순차 방향키 탐색 개시...
[17:46:50]     => 매칭 타겟 발견! 단계 49: '네트워크 액세스: 익명으로 액세스할 수 있는 공유' (검색명: '네트워크 액세스: 익명으로 액세스할 수 있는 공유')
[17:46:53]     -> 세부 속성 대화상자(팝업) 감지 성공 (Name: 네트워크 액세스: 익명으로 액세스할 수 있는 공유 속성). 포커스 획득.
[17:46:55]   [캡처] 활성화된 속성 다이얼로그(네트워크 액세스: 익명으로 액세스할 수 있는 공유 속성) 영역 캡처 진행.
[17:46:55]   📷 증빙 캡처 완료: C:\Users\new-s\Desktop\KISA-main\Security Project - 복사본\KISA-AutoPatcher-Python\dist\evidence\W-23.png
[17:46:55] 증빙 확인 후 열린 관리 창을 직접 닫아주세요.
[17:46:55] 
🔷 [W-24]  FTP 접근 제어 설정
[17:46:55]   → 서비스 미사용 설정(IIS/DNS/SNMP/Telnet)에 의해 보안 조치 및 증빙 수집 생략
[17:46:55] 
🔷 [W-25]  DNS Zone Transfer 설정
[17:46:55]   → 서비스 미사용 설정(IIS/DNS/SNMP/Telnet)에 의해 보안 조치 및 증빙 수집 생략
