[17:47:06] 
🔷 [W-28]  터미널 서비스 암호화 수준 설정
[17:47:06]   → 조치 불필요 (양호)
[17:47:06]   📷 증빙 화면 캡처 대기 중...
[17:47:06]   [실행] gpedit.msc 프로그램 로드 시도 중...
[17:47:07]     -> MMC 윈도우 감지 성공 (Name: 로컬 그룹 정책 편집기). 우측 정렬 수행.
[17:47:08]   [진행] MSC 트리 탐색 개시. 경로 깊이: 6, 타겟 아이템: ['클라이언트 연결 암호화 수준 설정', 'Set client connection encryption level']
[17:47:09]   [확인] MMC 창 발견 (Name: 로컬 그룹 정책 편집기, Class: MMCMainFrame)
[17:47:09]   [진행] 트리뷰 탐색 진행 중...
[17:47:09]     - 트리 1단계 진입 타겟 후보: ['컴퓨터 구성', 'Computer Configuration']
[17:47:09]       => 3단계 깊이에서 노드 '컴퓨터 구성' 매칭 성공.
[17:47:11]     - 트리 2단계 진입 타겟 후보: ['관리 템플릿', 'Administrative Templates']
[17:47:11]       => 1단계 깊이에서 노드 '관리 템플릿' 매칭 성공.
[17:47:12]     - 트리 3단계 진입 타겟 후보: ['Windows 구성 요소', 'Windows Components']
[17:47:12]       => 1단계 깊이에서 노드 'Windows 구성 요소' 매칭 성공.
[17:47:13]     - 트리 4단계 진입 타겟 후보: ['원격 데스크톱 서비스', '터미널 서비스', 'Remote Desktop Services', 'Terminal Services']
[17:47:13]       => 1단계 깊이에서 노드 '터미널 서비스' 매칭 성공.
[17:47:14]     - 트리 5단계 진입 타겟 후보: ['원격 데스크톱 세션 호스트', 'Remote Desktop Session Host']
[17:47:14]       => 1단계 깊이에서 노드 '원격 데스크톱 세션 호스트' 매칭 성공.
[17:47:16]     - 트리 6단계 진입 타겟 후보: ['보안', 'Security']
[17:47:16]       => 1단계 깊이에서 노드 '보안' 매칭 성공.
[17:47:18]   [진행] 우측 목록 패널에서 순차 방향키 탐색 개시...
[17:47:20]     => 매칭 타겟 발견! 단계 4: '클라이언트 연결 암호화 수준 설정' (검색명: '클라이언트 연결 암호화 수준 설정')
[17:47:23]     -> 세부 속성 대화상자(팝업) 감지 성공 (Name: Windows 정보). 포커스 획득.
[17:47:25]   [캡처] 활성화된 속성 다이얼로그(Windows 정보) 영역 캡처 진행.
[17:47:25]   📷 증빙 캡처 완료: C:\Users\new-s\Desktop\KISA-main\Security Project - 복사본\KISA-AutoPatcher-Python\dist\evidence\W-28.png
[17:47:25] 증빙 확인 후 열린 관리 창을 직접 닫아주세요.
[17:47:26] 
🔷 [W-29]  불필요한 SNMP 서비스 구동 점검
[17:47:26]   → 서비스 미사용 설정(IIS/DNS/SNMP/Telnet)에 의해 보안 조치 및 증빙 수집 생략
[17:47:26] 
🔷 [W-30]  SNMP Community String 복잡성 설정
[17:47:26]   → 서비스 미사용 설정(IIS/DNS/SNMP/Telnet)에 의해 보안 조치 및 증빙 수집 생략
[17:47:26] 
🔷 [W-31]  SNMP Access control 설정
[17:47:26]   → 서비스 미사용 설정(IIS/DNS/SNMP/Telnet)에 의해 보안 조치 및 증빙 수집 생략
[17:47:26] 
🔷 [W-32]  DNS 서비스 구동 점검
[17:47:26]   → 서비스 미사용 설정(IIS/DNS/SNMP/Telnet)에 의해 보안 조치 및 증빙 수집 생략
[17:47:26] 
🔷 [W-33]  HTTP/FTP/SMTP 배너 차단
[17:47:26]   → 서비스 미사용 설정(IIS/DNS/SNMP/Telnet)에 의해 보안 조치 및 증빙 수집 생략
[17:47:26] 
🔷 [W-34]  Telnet 서비스 비활성화
[17:47:26]   → 서비스 미사용 설정(IIS/DNS/SNMP/Telnet)에 의해 보안 조치 및 증빙 수집 생략
