[17:47:31] 
🔷 [W-36]  원격터미널 접속 타임아웃 설정
[17:47:31]   → 조치 불필요 (양호)
[17:47:31]   📷 증빙 화면 캡처 대기 중...
[17:47:31]   [실행] gpedit.msc 프로그램 로드 시도 중...
[17:47:33]     -> MMC 윈도우 감지 성공 (Name: 로컬 그룹 정책 편집기). 우측 정렬 수행.
[17:47:33]   [진행] MSC 트리 탐색 개시. 경로 깊이: 6, 타겟 아이템: ['활성 상태지만 유휴 원격 데스크톱 서비스 세션에 대한 시간 제한 설정', 'Set time limit for active but idle Remote Desktop Services sessions']
[17:47:34]   [확인] MMC 창 발견 (Name: 로컬 그룹 정책 편집기, Class: MMCMainFrame)
[17:47:34]   [진행] 트리뷰 탐색 진행 중...
[17:47:34]     - 트리 1단계 진입 타겟 후보: ['컴퓨터 구성', 'Computer Configuration']
[17:47:35]       => 3단계 깊이에서 노드 '컴퓨터 구성' 매칭 성공.
[17:47:36]     - 트리 2단계 진입 타겟 후보: ['관리 템플릿', 'Administrative Templates']
[17:47:36]       => 1단계 깊이에서 노드 '관리 템플릿' 매칭 성공.
[17:47:37]     - 트리 3단계 진입 타겟 후보: ['Windows 구성 요소', 'Windows Components']
[17:47:37]       => 1단계 깊이에서 노드 'Windows 구성 요소' 매칭 성공.
[17:47:38]     - 트리 4단계 진입 타겟 후보: ['원격 데스크톱 서비스', '터미널 서비스', 'Remote Desktop Services', 'Terminal Services']
[17:47:39]       => 1단계 깊이에서 노드 '터미널 서비스' 매칭 성공.
[17:47:39]     - 트리 5단계 진입 타겟 후보: ['원격 데스크톱 세션 호스트', 'Remote Desktop Session Host']
[17:47:39]       => 1단계 깊이에서 노드 '원격 데스크톱 세션 호스트' 매칭 성공.
[17:47:41]     - 트리 6단계 진입 타겟 후보: ['세션 시간 제한', 'Session Time Limits']
[17:47:41]       => 1단계 깊이에서 노드 '세션 시간 제한' 매칭 성공.
[17:47:43]   [진행] 우측 목록 패널에서 순차 방향키 탐색 개시...
[17:47:46]     -> 리스트 바닥 도달. 탐색 종료.
[17:47:46]   [오류] 키보드 순차 탐색 결과 대조 대상을 발견하지 못했습니다.
[17:47:47]   [캡처] 활성화된 속성 다이얼로그(Windows 정보) 영역 캡처 진행.
[17:47:47]   📷 증빙 캡처 완료: C:\Users\new-s\Desktop\KISA-main\Security Project - 복사본\KISA-AutoPatcher-Python\dist\evidence\W-36.png
[17:47:47] 증빙 확인 후 열린 관리 창을 직접 닫아주세요.
