[14:49:55] 
🔷 [W-40]  정책에 따른 시스템 로깅 설정
[14:49:55]   → 조치 불필요 (수동 조치(로컬 감사 정책(로그온, 권한 사용 등) 이벤트 구성 감사 수동 점검))
[14:49:55]   📷 증빙 화면 캡처 대기 중...
[14:49:55]   [실행] secpol.msc 프로그램 로드 시도 중...
[14:49:57]     -> MMC 윈도우 감지 성공 (Name: 로컬 보안 정책). 우측 정렬 수행.
[14:49:58]   [진행] MSC 트리 탐색 개시. 경로 깊이: 3, 타겟 아이템: ['로그온 이벤트', '로그온', 'Audit logon events']
[14:49:59]   [확인] MMC 창 발견 (Name: 로컬 보안 정책, Class: MMCMainFrame)
[14:49:59]   [진행] 트리뷰 탐색 진행 중...
[14:49:59]     - 트리 1단계 진입 타겟 후보: ['보안 설정', 'Security Settings']
[14:49:59]       => 1단계 깊이에서 노드 '보안 설정' 매칭 성공.
[14:50:00]     - 트리 2단계 진입 타겟 후보: ['로컬 정책', 'Local Policies']
[14:50:00]       => 1단계 깊이에서 노드 '로컬 정책' 매칭 성공.
[14:50:02]     - 트리 3단계 진입 타겟 후보: ['감사 정책', 'Audit Policy']
[14:50:02]       => 1단계 깊이에서 노드 '감사 정책' 매칭 성공.
[14:50:04]   [진행] 우측 목록 패널에서 순차 방향키 탐색 개시...
[14:50:07]     => 매칭 타겟 발견! 단계 3: '계정 로그온 이벤트 감사' (검색명: '로그온 이벤트')
[14:50:09]     -> 세부 속성 대화상자(팝업) 감지 성공 (Name: 계정 로그온 이벤트 감사 속성). 포커스 획득 및 우측 정렬.
[14:50:12]   [캡처] 활성화된 속성 다이얼로그(계정 로그온 이벤트 감사 속성) 영역 캡처 진행.
[14:50:12]   📷 증빙 캡처 완료: C:\Users\new-s\Desktop\Security Project\KISA-AutoPatcher-Python\dist\evidence\W-40.png
