[14:51:42] 
🔷 [W-50]  보안 감사를 로그할 수 없는 경우 즉시 시스템 종료
[14:51:42]   → 조치 불필요 (양호)
[14:51:42]   📷 증빙 화면 캡처 대기 중...
[14:51:43]   [실행] secpol.msc 프로그램 로드 시도 중...
[14:51:44]     -> MMC 윈도우 감지 성공 (Name: 로컬 보안 정책). 우측 정렬 수행.
[14:51:45]   [진행] MSC 트리 탐색 개시. 경로 깊이: 3, 타겟 아이템: ['감사: 보안 감사를 로그할 수 없는 경우 즉시 시스템 종료', 'Audit: Shut down system immediately if unable to log security audits']
[14:51:46]   [확인] MMC 창 발견 (Name: 로컬 보안 정책, Class: MMCMainFrame)
[14:51:46]   [진행] 트리뷰 탐색 진행 중...
[14:51:46]     - 트리 1단계 진입 타겟 후보: ['보안 설정', 'Security Settings']
[14:51:46]       => 1단계 깊이에서 노드 '보안 설정' 매칭 성공.
[14:51:47]     - 트리 2단계 진입 타겟 후보: ['로컬 정책', 'Local Policies']
[14:51:47]       => 1단계 깊이에서 노드 '로컬 정책' 매칭 성공.
[14:51:48]     - 트리 3단계 진입 타겟 후보: ['보안 옵션', 'Security Options']
[14:51:48]       => 1단계 깊이에서 노드 '보안 옵션' 매칭 성공.
[14:51:51]   [진행] 우측 목록 패널에서 순차 방향키 탐색 개시...
[14:51:55]     => 매칭 타겟 발견! 단계 15: '감사: 보안 감사를 로그할 수 없는 경우 즉시 시스템 종료' (검색명: '감사: 보안 감사를 로그할 수 없는 경우 즉시 시스템 종료')
[14:51:57]     -> 세부 속성 대화상자(팝업) 감지 성공 (Name: 감사: 보안 감사를 로그할 수 없는 경우 즉시 시스템 종료 속성). 포커스 획득 및 우측 정렬.
[14:52:00]   [캡처] 활성화된 속성 다이얼로그(감사: 보안 감사를 로그할 수 없는 경우 즉시 시스템 종료 속성) 영역 캡처 진행.
[14:52:00]   📷 증빙 캡처 완료: C:\Users\new-s\Desktop\Security Project\KISA-AutoPatcher-Python\dist\evidence\W-50.png
