[14:52:32] 
🔷 [W-53]  이동식 미디어 포맷 및 꺼내기 허용
[14:52:32]   → 조치 불필요 (양호)
[14:52:32]   📷 증빙 화면 캡처 대기 중...
[14:52:32]   [실행] secpol.msc 프로그램 로드 시도 중...
[14:52:34]     -> MMC 윈도우 감지 성공 (Name: 로컬 보안 정책). 우측 정렬 수행.
[14:52:35]   [진행] MSC 트리 탐색 개시. 경로 깊이: 3, 타겟 아이템: ['장치: 이동식 미디어 포맷 및 꺼내기 허용', 'Devices: Allowed to format and eject removable media']
[14:52:35]   [확인] MMC 창 발견 (Name: 로컬 보안 정책, Class: MMCMainFrame)
[14:52:36]   [진행] 트리뷰 탐색 진행 중...
[14:52:36]     - 트리 1단계 진입 타겟 후보: ['보안 설정', 'Security Settings']
[14:52:36]       => 1단계 깊이에서 노드 '보안 설정' 매칭 성공.
[14:52:37]     - 트리 2단계 진입 타겟 후보: ['로컬 정책', 'Local Policies']
[14:52:37]       => 1단계 깊이에서 노드 '로컬 정책' 매칭 성공.
[14:52:38]     - 트리 3단계 진입 타겟 후보: ['보안 옵션', 'Security Options']
[14:52:38]       => 1단계 깊이에서 노드 '보안 옵션' 매칭 성공.
[14:52:41]   [진행] 우측 목록 패널에서 순차 방향키 탐색 개시...
[14:52:55]     => 매칭 타겟 발견! 단계 106: '장치: 이동식 미디어 포맷 및 꺼내기 허용' (검색명: '장치: 이동식 미디어 포맷 및 꺼내기 허용')
[14:52:57]     -> 세부 속성 대화상자(팝업) 감지 성공 (Name: 장치: 이동식 미디어 포맷 및 꺼내기 허용 속성). 포커스 획득 및 우측 정렬.
[14:53:00]   [캡처] 활성화된 속성 다이얼로그(장치: 이동식 미디어 포맷 및 꺼내기 허용 속성) 영역 캡처 진행.
[14:53:00]   📷 증빙 캡처 완료: C:\Users\new-s\Desktop\Security Project\KISA-AutoPatcher-Python\dist\evidence\W-53.png
