[17:53:34] 
🔷 [W-64]  윈도우 방화벽 설정
[17:53:34]   → 조치 불필요 (양호)
[17:53:34]   📷 증빙 화면 캡처 대기 중...
[17:53:34]   [실행] firewall.cpl 프로그램 로드 시도 중...
[17:53:37]     -> 제어판/다이얼로그 창 감지 성공 (Name: 도메인 구성원: 보안 채널 데이터 디지털 서명(가능한 경우) 속성). 우측 정렬 수행.
[17:53:39]   [캡처] 활성화된 속성 다이얼로그(도메인 구성원: 보안 채널 데이터 디지털 서명(가능한 경우) 속성) 영역 캡처 진행.
[17:53:39]   📷 증빙 캡처 완료: C:\Users\new-s\Desktop\KISA-main\Security Project - 복사본\KISA-AutoPatcher-Python\dist\evidence\W-64.png
[17:53:39] 증빙 확인 후 열린 관리 창을 직접 닫아주세요.
[17:53:39] 
━
━
━
━
━
━
━
━
━
━
━
━
━
━
━
━
━
━
━
━
━
━
━
━
━
━
━
━
━
━
━
━
━
━
━
━
━
━
━
━
━
━
━
━
━
━
━
━
━
━
━
━
━
━
━
[17:53:39]   📄 최종 보고서 생성 중...
[17:53:53] ✅ 마크다운 보고서 생성: C:\Users\new-s\Desktop\KISA-main\Security Project - 복사본\KISA-AutoPatcher-Python\dist\reports\Security_Patch_Report.md
[17:53:54] ✅ 엑셀 보고서 생성: C:\Users\new-s\Desktop\KISA-main\Security Project - 복사본\KISA-AutoPatcher-Python\dist\reports\Security_Patch_Report.xlsx
[17:53:54] ━━━━━━━━━━━━━━━━━━━━━━━━━━━━━━━━━━━━━━━━━━━━━━━━━━━━━━━
[17:53:54]   ✅ 모든 작업 완료!
[17:53:54]   📁 보고서: C:\Users\new-s\Desktop\KISA-main\Security Project - 복사본\KISA-AutoPatcher-Python\dist\reports
