[14:58:30] 
🔷 [W-08]  계정 잠금 기간 설정
[14:58:30]   📷 증빙 화면 캡처 대기 중...
[14:58:30]   [W-08_part1] 단계: 창 열기
[14:58:31]   대상 창 확인: 로컬 보안 정책 / HWND=2427252 / PID=14428
[14:58:32]   [W-08_part1] 단계: 오른쪽 정렬 확인
[14:58:32]   [W-08_part1] 단계: 조치 및 설정 재조회
[14:58:32]   🔧 보안 조치 적용 및 검증 중...
[14:58:33] [W-08] 설정 검증 완료 / 백업: C:\Users\new-s\Desktop\KISA-fix-evidence-verification\KISA-fix-evidence-verification\Security Project - 복사본\KISA-AutoPatcher-Python\dist\backups\W-08_7c533c8893894bd983b3ad6f585ba08a.json
[14:58:34]   [W-08_part1] 단계: 증빙 대상 탐색
[14:58:41]   [W-08_part1] 단계: 캡처 저장
[14:58:41]   증빙 이미지 저장: C:\Users\new-s\Desktop\KISA-fix-evidence-verification\KISA-fix-evidence-verification\Security Project - 복사본\KISA-AutoPatcher-Python\dist\evidence\20260911-145704-070525b4\W-08_part1.png
[14:58:42]   증빙 창 닫기 완료 → 다음 항목 진행
[14:58:42]   [W-08_part1] 단계: 창 닫힘 확인
[14:58:43]   [W-08_part2] 단계: 창 열기
[14:58:44]   대상 창 확인: 로컬 보안 정책 / HWND=2034202 / PID=14788
[14:58:44]   [W-08_part2] 단계: 오른쪽 정렬 확인
[14:58:44]   [W-08_part2] 단계: 증빙 대상 탐색
[14:58:52]   [W-08_part2] 단계: 캡처 저장
[14:58:52]   증빙 이미지 저장: C:\Users\new-s\Desktop\KISA-fix-evidence-verification\KISA-fix-evidence-verification\Security Project - 복사본\KISA-AutoPatcher-Python\dist\evidence\20260911-145704-070525b4\W-08_part2.png
[14:58:58]   증빙 창 닫기 완료 → 다음 항목 진행
[14:58:58]   [W-08_part2] 단계: 창 닫힘 확인
