[16:30:03] 
🔷 [W-08]  계정 잠금 기간 설정
[16:30:03]   📷 증빙 화면 캡처 대기 중...
[16:30:04]   [W-08_part1] 단계: 창 열기
[16:30:05]   대상 창 확인: 로컬 보안 정책 / HWND=5440774 / PID=13140
[16:30:05]   [W-08_part1] 단계: 오른쪽 정렬 확인
[16:30:05]   [W-08_part1] 단계: 조치 및 설정 재조회
[16:30:05]   🔧 보안 조치 적용 및 검증 중...
[16:30:06] [W-08] 설정 검증 완료 / 백업: C:\Users\new-s\Desktop\KISA-fix-evidence-verification\KISA-fix-evidence-verification\Security Project - 복사본\KISA-AutoPatcher-Python\dist\backups\W-08_24edd58293774350a41de2414a003eb0.json
[16:30:07]   [W-08_part1] 단계: 증빙 대상 탐색
[16:30:15]   [W-08_part1] 단계: 캡처 저장
[16:30:15]   증빙 이미지 저장: C:\Users\new-s\Desktop\KISA-fix-evidence-verification\KISA-fix-evidence-verification\Security Project - 복사본\KISA-AutoPatcher-Python\dist\evidence\20260911-162839-b0f3bd2f\W-08_part1.png
[16:30:17]   증빙 창 닫기 완료 → 다음 항목 진행
[16:30:17]   [W-08_part1] 단계: 창 닫힘 확인
[16:30:17]   [W-08_part2] 단계: 창 열기
[16:30:19]   대상 창 확인: 로컬 보안 정책 / HWND=2295248 / PID=9572
[16:30:19]   [W-08_part2] 단계: 오른쪽 정렬 확인
[16:30:19]   [W-08_part2] 단계: 증빙 대상 탐색
[16:30:27]   [W-08_part2] 단계: 캡처 저장
[16:30:27]   증빙 이미지 저장: C:\Users\new-s\Desktop\KISA-fix-evidence-verification\KISA-fix-evidence-verification\Security Project - 복사본\KISA-AutoPatcher-Python\dist\evidence\20260911-162839-b0f3bd2f\W-08_part2.png
[16:30:29]   증빙 창 닫기 완료 → 다음 항목 진행
[16:30:29]   [W-08_part2] 단계: 창 닫힘 확인
[16:30:29]   복합 증빙 2/2개 저장 완료
