[16:36:28] 
🔷 [W-56]  SMB 세션 중단 관리 설정
[16:36:28]   📷 증빙 화면 캡처 대기 중...
[16:36:28]   [W-56_part1] 단계: 창 열기
[16:36:29]   대상 창 확인: 로컬 보안 정책 / HWND=4131696 / PID=9780
[16:36:30]   [W-56_part1] 단계: 오른쪽 정렬 확인
[16:36:30]   [W-56_part1] 단계: 조치 및 설정 재조회
[16:36:30]   → 자동 변경 없음 (양호)
[16:36:30]   [W-56_part1] 단계: 증빙 대상 탐색
[16:36:39]   [W-56_part1] 단계: 캡처 저장
[16:36:39]   증빙 이미지 저장: C:\Users\new-s\Desktop\KISA-fix-evidence-verification\KISA-fix-evidence-verification\Security Project - 복사본\KISA-AutoPatcher-Python\dist\evidence\20260911-162839-b0f3bd2f\W-56_part1.png
[16:36:41]   증빙 창 닫기 완료 → 다음 항목 진행
[16:36:41]   [W-56_part1] 단계: 창 닫힘 확인
[16:36:42]   [W-56_part2] 단계: 창 열기
[16:36:43]   대상 창 확인: 로컬 보안 정책 / HWND=3345068 / PID=10384
[16:36:43]   [W-56_part2] 단계: 오른쪽 정렬 확인
[16:36:43]   [W-56_part2] 단계: 증빙 대상 탐색
[16:38:25]   [W-56_part2] 대상 탐색/캡처 오류: 다른 창으로 포커스가 이동했습니다.
[16:38:27]   증빙 창 닫기 완료 → 다음 항목 진행
[16:38:27]   [W-56_part2] 단계: 창 닫힘 확인
[16:38:27]   ⚠️ 항목 처리 중단 또는 오류: 다른 창으로 포커스가 이동했습니다.
